Archive member included to satisfy reference by file (symbol)

C:/Users/samru/OneDrive/Desktop/STM32CubeIDE_1.19.0/STM32CubeIDE/plugins/com.st.stm32cube.ide.mcu.externaltools.gnu-tools-for-stm32.13.3.rel1.win32_1.0.0.202411081344/tools/bin/../lib/gcc/arm-none-eabi/13.3.1/../../../../arm-none-eabi/lib/thumb/v7e-m+fp/hard\libc_nano.a(libc_a-exit.o)
                              C:/Users/samru/OneDrive/Desktop/STM32CubeIDE_1.19.0/STM32CubeIDE/plugins/com.st.stm32cube.ide.mcu.externaltools.gnu-tools-for-stm32.13.3.rel1.win32_1.0.0.202411081344/tools/bin/../lib/gcc/arm-none-eabi/13.3.1/../../../../arm-none-eabi/lib/thumb/v7e-m+fp/hard/crt0.o (exit)
C:/Users/samru/OneDrive/Desktop/STM32CubeIDE_1.19.0/STM32CubeIDE/plugins/com.st.stm32cube.ide.mcu.externaltools.gnu-tools-for-stm32.13.3.rel1.win32_1.0.0.202411081344/tools/bin/../lib/gcc/arm-none-eabi/13.3.1/../../../../arm-none-eabi/lib/thumb/v7e-m+fp/hard\libc_nano.a(libc_a-findfp.o)
                              C:/Users/samru/OneDrive/Desktop/STM32CubeIDE_1.19.0/STM32CubeIDE/plugins/com.st.stm32cube.ide.mcu.externaltools.gnu-tools-for-stm32.13.3.rel1.win32_1.0.0.202411081344/tools/bin/../lib/gcc/arm-none-eabi/13.3.1/../../../../arm-none-eabi/lib/thumb/v7e-m+fp/hard\libc_nano.a(libc_a-exit.o) (__stdio_exit_handler)
C:/Users/samru/OneDrive/Desktop/STM32CubeIDE_1.19.0/STM32CubeIDE/plugins/com.st.stm32cube.ide.mcu.externaltools.gnu-tools-for-stm32.13.3.rel1.win32_1.0.0.202411081344/tools/bin/../lib/gcc/arm-none-eabi/13.3.1/../../../../arm-none-eabi/lib/thumb/v7e-m+fp/hard\libc_nano.a(libc_a-fwalk.o)
                              C:/Users/samru/OneDrive/Desktop/STM32CubeIDE_1.19.0/STM32CubeIDE/plugins/com.st.stm32cube.ide.mcu.externaltools.gnu-tools-for-stm32.13.3.rel1.win32_1.0.0.202411081344/tools/bin/../lib/gcc/arm-none-eabi/13.3.1/../../../../arm-none-eabi/lib/thumb/v7e-m+fp/hard\libc_nano.a(libc_a-findfp.o) (_fwalk_sglue)
C:/Users/samru/OneDrive/Desktop/STM32CubeIDE_1.19.0/STM32CubeIDE/plugins/com.st.stm32cube.ide.mcu.externaltools.gnu-tools-for-stm32.13.3.rel1.win32_1.0.0.202411081344/tools/bin/../lib/gcc/arm-none-eabi/13.3.1/../../../../arm-none-eabi/lib/thumb/v7e-m+fp/hard\libc_nano.a(libc_a-sprintf.o)
                              ./Core/Src/main.o (sprintf)
C:/Users/samru/OneDrive/Desktop/STM32CubeIDE_1.19.0/STM32CubeIDE/plugins/com.st.stm32cube.ide.mcu.externaltools.gnu-tools-for-stm32.13.3.rel1.win32_1.0.0.202411081344/tools/bin/../lib/gcc/arm-none-eabi/13.3.1/../../../../arm-none-eabi/lib/thumb/v7e-m+fp/hard\libc_nano.a(libc_a-stdio.o)
                              C:/Users/samru/OneDrive/Desktop/STM32CubeIDE_1.19.0/STM32CubeIDE/plugins/com.st.stm32cube.ide.mcu.externaltools.gnu-tools-for-stm32.13.3.rel1.win32_1.0.0.202411081344/tools/bin/../lib/gcc/arm-none-eabi/13.3.1/../../../../arm-none-eabi/lib/thumb/v7e-m+fp/hard\libc_nano.a(libc_a-findfp.o) (__sread)
C:/Users/samru/OneDrive/Desktop/STM32CubeIDE_1.19.0/STM32CubeIDE/plugins/com.st.stm32cube.ide.mcu.externaltools.gnu-tools-for-stm32.13.3.rel1.win32_1.0.0.202411081344/tools/bin/../lib/gcc/arm-none-eabi/13.3.1/../../../../arm-none-eabi/lib/thumb/v7e-m+fp/hard\libc_nano.a(libc_a-memset.o)
                              C:/Users/samru/OneDrive/Desktop/STM32CubeIDE_1.19.0/STM32CubeIDE/plugins/com.st.stm32cube.ide.mcu.externaltools.gnu-tools-for-stm32.13.3.rel1.win32_1.0.0.202411081344/tools/bin/../lib/gcc/arm-none-eabi/13.3.1/../../../../arm-none-eabi/lib/thumb/v7e-m+fp/hard/crt0.o (memset)
C:/Users/samru/OneDrive/Desktop/STM32CubeIDE_1.19.0/STM32CubeIDE/plugins/com.st.stm32cube.ide.mcu.externaltools.gnu-tools-for-stm32.13.3.rel1.win32_1.0.0.202411081344/tools/bin/../lib/gcc/arm-none-eabi/13.3.1/../../../../arm-none-eabi/lib/thumb/v7e-m+fp/hard\libc_nano.a(libc_a-closer.o)
                              C:/Users/samru/OneDrive/Desktop/STM32CubeIDE_1.19.0/STM32CubeIDE/plugins/com.st.stm32cube.ide.mcu.externaltools.gnu-tools-for-stm32.13.3.rel1.win32_1.0.0.202411081344/tools/bin/../lib/gcc/arm-none-eabi/13.3.1/../../../../arm-none-eabi/lib/thumb/v7e-m+fp/hard\libc_nano.a(libc_a-stdio.o) (_close_r)
C:/Users/samru/OneDrive/Desktop/STM32CubeIDE_1.19.0/STM32CubeIDE/plugins/com.st.stm32cube.ide.mcu.externaltools.gnu-tools-for-stm32.13.3.rel1.win32_1.0.0.202411081344/tools/bin/../lib/gcc/arm-none-eabi/13.3.1/../../../../arm-none-eabi/lib/thumb/v7e-m+fp/hard\libc_nano.a(libc_a-reent.o)
                              C:/Users/samru/OneDrive/Desktop/STM32CubeIDE_1.19.0/STM32CubeIDE/plugins/com.st.stm32cube.ide.mcu.externaltools.gnu-tools-for-stm32.13.3.rel1.win32_1.0.0.202411081344/tools/bin/../lib/gcc/arm-none-eabi/13.3.1/../../../../arm-none-eabi/lib/thumb/v7e-m+fp/hard\libc_nano.a(libc_a-closer.o) (errno)
C:/Users/samru/OneDrive/Desktop/STM32CubeIDE_1.19.0/STM32CubeIDE/plugins/com.st.stm32cube.ide.mcu.externaltools.gnu-tools-for-stm32.13.3.rel1.win32_1.0.0.202411081344/tools/bin/../lib/gcc/arm-none-eabi/13.3.1/../../../../arm-none-eabi/lib/thumb/v7e-m+fp/hard\libc_nano.a(libc_a-impure.o)
[...]
Memory Configuration

Name             Origin             Length             Attributes
CCMRAM           0x10000000         0x00010000         xrw
RAM              0x20000000         0x00020000         xrw
FLASH            0x08000000         0x00100000         xr
*default*        0x00000000         0xffffffff

Linker script and memory map

LOAD C:/Users/samru/OneDrive/Desktop/STM32CubeIDE_1.19.0/STM32CubeIDE/plugins/com.st.stm32cube.ide.mcu.externaltools.gnu-tools-for-stm32.13.3.rel1.win32_1.0.0.202411081344/tools/bin/../lib/gcc/arm-none-eabi/13.3.1/thumb/v7e-m+fp/hard/crti.o
LOAD C:/Users/samru/OneDrive/Desktop/STM32CubeIDE_1.19.0/STM32CubeIDE/plugins/com.st.stm32cube.ide.mcu.externaltools.gnu-tools-for-stm32.13.3.rel1.win32_1.0.0.202411081344/tools/bin/../lib/gcc/arm-none-eabi/13.3.1/thumb/v7e-m+fp/hard/crtbegin.o
LOAD C:/Users/samru/OneDrive/Desktop/STM32CubeIDE_1.19.0/STM32CubeIDE/plugins/com.st.stm32cube.ide.mcu.externaltools.gnu-tools-for-stm32.13.3.rel1.win32_1.0.0.202411081344/tools/bin/../lib/gcc/arm-none-eabi/13.3.1/../../../../arm-none-eabi/lib/thumb/v7e-m+fp/hard/crt0.o
LOAD ./Core/Src/DHT11.o
LOAD ./Core/Src/main.o
LOAD ./Core/Src/my_MQ2.o
LOAD ./Core/Src/my_lcd.o
LOAD ./Core/Src/stm32f4xx_hal_msp.o
LOAD ./Core/Src/stm32f4xx_it.o
LOAD ./Core/Src/syscalls.o
LOAD ./Core/Src/sysmem.o
LOAD ./Core/Src/system_stm32f4xx.o
LOAD ./Core/Startup/startup_stm32f407vgtx.o
LOAD ./Drivers/STM32F4xx_HAL_Driver/Src/stm32f4xx_hal.o
LOAD ./Drivers/STM32F4xx_HAL_Driver/Src/stm32f4xx_hal_adc.o
LOAD ./Drivers/STM32F4xx_HAL_Driver/Src/stm32f4xx_hal_adc_ex.o
LOAD ./Drivers/STM32F4xx_HAL_Driver/Src/stm32f4xx_hal_cortex.o
LOAD ./Drivers/STM32F4xx_HAL_Driver/Src/stm32f4xx_hal_dma.o
LOAD ./Drivers/STM32F4xx_HAL_Driver/Src/stm32f4xx_hal_dma_ex.o
LOAD ./Drivers/STM32F4xx_HAL_Driver/Src/stm32f4xx_hal_exti.o
LOAD ./Drivers/STM32F4xx_HAL_Driver/Src/stm32f4xx_hal_flash.o
LOAD ./Drivers/STM32F4xx_HAL_Driver/Src/stm32f4xx_hal_flash_ex.o
LOAD ./Drivers/STM32F4xx_HAL_Driver/Src/stm32f4xx_hal_flash_ramfunc.o
LOAD ./Drivers/STM32F4xx_HAL_Driver/Src/stm32f4xx_hal_gpio.o
LOAD ./Drivers/STM32F4xx_HAL_Driver/Src/stm32f4xx_hal_i2c.o
LOAD ./Drivers/STM32F4xx_HAL_Driver/Src/stm32f4xx_hal_i2c_ex.o
LOAD ./Drivers/STM32F4xx_HAL_Driver/Src/stm32f4xx_hal_pwr.o
LOAD ./Drivers/STM32F4xx_HAL_Driver/Src/stm32f4xx_hal_pwr_ex.o
LOAD ./Drivers/STM32F4xx_HAL_Driver/Src/stm32f4xx_hal_rcc.o
LOAD ./Drivers/STM32F4xx_HAL_Driver/Src/stm32f4xx_hal_rcc_ex.o
LOAD ./Drivers/STM32F4xx_HAL_Driver/Src/stm32f4xx_hal_uart.o
LOAD ./Drivers/STM32F4xx_HAL_Driver/Src/stm32f4xx_ll_adc.o
START GROUP
LOAD C:/Users/samru/OneDrive/Desktop/STM32CubeIDE_1.19.0/STM32CubeIDE/plugins/com.st.stm32cube.ide.mcu.externaltools.gnu-tools-for-stm32.13.3.rel1.win32_1.0.0.202411081344/tools/bin/../lib/gcc/arm-none-eabi/13.3.1/../../../../arm-none-eabi/lib/thumb/v7e-m+fp/hard\libc_nano.a
LOAD C:/Users/samru/OneDrive/Desktop/STM32CubeIDE_1.19.0/STM32CubeIDE/plugins/com.st.stm32cube.ide.mcu.externaltools.gnu-tools-for-stm32.13.3.rel1.win32_1.0.0.202411081344/tools/bin/../lib/gcc/arm-none-eabi/13.3.1/../../../../arm-none-eabi/lib/thumb/v7e-m+fp/hard\libm.a
END GROUP
START GROUP
LOAD C:/Users/samru/OneDrive/Desktop/STM32CubeIDE_1.19.0/STM32CubeIDE/plugins/com.st.stm32cube.ide.mcu.externaltools.gnu-tools-for-stm32.13.3.rel1.win32_1.0.0.202411081344/tools/bin/../lib/gcc/arm-none-eabi/13.3.1/thumb/v7e-m+fp/hard\libgcc.a
LOAD C:/Users/samru/OneDrive/Desktop/STM32CubeIDE_1.19.0/STM32CubeIDE/plugins/com.st.stm32cube.ide.mcu.externaltools.gnu-tools-for-stm32.13.3.rel1.win32_1.0.0.202411081344/tools/bin/../lib/gcc/arm-none-eabi/13.3.1/../../../../arm-none-eabi/lib/thumb/v7e-m+fp/hard\libc_nano.a
END GROUP
START GROUP
LOAD C:/Users/samru/OneDrive/Desktop/STM32CubeIDE_1.19.0/STM32CubeIDE/plugins/com.st.stm32cube.ide.mcu.externaltools.gnu-tools-for-stm32.13.3.rel1.win32_1.0.0.202411081344/tools/bin/../lib/gcc/arm-none-eabi/13.3.1/thumb/v7e-m+fp/hard\libgcc.a
LOAD C:/Users/samru/OneDrive/Desktop/STM32CubeIDE_1.19.0/STM32CubeIDE/plugins/com.st.stm32cube.ide.mcu.externaltools.gnu-tools-for-stm32.13.3.rel1.win32_1.0.0.202411081344/tools/bin/../lib/gcc/arm-none-eabi/13.3.1/../../../../arm-none-eabi/lib/thumb/v7e-m+fp/hard\libc_nano.a
LOAD C:/Users/samru/OneDrive/Desktop/STM32CubeIDE_1.19.0/STM32CubeIDE/plugins/com.st.stm32cube.ide.mcu.externaltools.gnu-tools-for-stm32.13.3.rel1.win32_1.0.0.202411081344/tools/bin/../lib/gcc/arm-none-eabi/13.3.1/../../../../arm-none-eabi/lib/thumb/v7e-m+fp/hard\libnosys.a
END GROUP
START GROUP
LOAD C:/Users/samru/OneDrive/Desktop/STM32CubeIDE_1.19.0/STM32CubeIDE/plugins/com.st.stm32cube.ide.mcu.externaltools.gnu-tools-for-stm32.13.3.rel1.win32_1.0.0.202411081344/tools/bin/../lib/gcc/arm-none-eabi/13.3.1/thumb/v7e-m+fp/hard\libgcc.a
LOAD C:/Users/samru/OneDrive/Desktop/STM32CubeIDE_1.19.0/STM32CubeIDE/plugins/com.st.stm32cube.ide.mcu.externaltools.gnu-tools-for-stm32.13.3.rel1.win32_1.0.0.202411081344/tools/bin/../lib/gcc/arm-none-eabi/13.3.1/../../../../arm-none-eabi/lib/thumb/v7e-m+fp/hard\libc_nano.a
LOAD C:/Users/samru/OneDrive/Desktop/STM32CubeIDE_1.19.0/STM32CubeIDE/plugins/com.st.stm32cube.ide.mcu.externaltools.gnu-tools-for-stm32.13.3.rel1.win32_1.0.0.202411081344/tools/bin/../lib/gcc/arm-none-eabi/13.3.1/../../../../arm-none-eabi/lib/thumb/v7e-m+fp/hard\libnosys.a
END GROUP
LOAD C:/Users/samru/OneDrive/Desktop/STM32CubeIDE_1.19.0/STM32CubeIDE/plugins/com.st.stm32cube.ide.mcu.externaltools.gnu-tools-for-stm32.13.3.rel1.win32_1.0.0.202411081344/tools/bin/../lib/gcc/arm-none-eabi/13.3.1/thumb/v7e-m+fp/hard/crtend.o
LOAD C:/Users/samru/OneDrive/Desktop/STM32CubeIDE_1.19.0/STM32CubeIDE/plugins/com.st.stm32cube.ide.mcu.externaltools.gnu-tools-for-stm32.13.3.rel1.win32_1.0.0.202411081344/tools/bin/../lib/gcc/arm-none-eabi/13.3.1/thumb/v7e-m+fp/hard/crtn.o
                0x20020000                        _estack = (ORIGIN (RAM) + LENGTH (RAM))
                0x00000200                        _Min_Heap_Size = 0x200
                0x00000400                        _Min_Stack_Size = 0x400

.isr_vector     0x08000000      0x188
                0x08000000                        . = ALIGN (0x4)
 *(.isr_vector)
 .isr_vector    0x08000000      0x188 ./Core/Startup/startup_stm32f407vgtx.o
                0x08000000                g_pfnVectors
                0x08000188                        . = ALIGN (0x4)

.text           0x08000190     0x45e8
                0x08000190                        . = ALIGN (0x4)
 *(.text)
 .text          0x08000190       0x40 C:/Users/samru/OneDrive/Desktop/STM32CubeIDE_1.19.0/STM32CubeIDE/plugins/com.st.stm32cube.ide.mcu.externaltools.gnu-tools-for-stm32.13.3.rel1.win32_1.0.0.202411081344/tools/bin/../lib/gcc/arm-none-eabi/13.3.1/thumb/v7e-m+fp/hard/crtbegin.o
 .text          0x080001d0       0xa0 C:/Users/samru/OneDrive/Desktop/STM32CubeIDE_1.19.0/STM32CubeIDE/plugins/com.st.stm32cube.ide.mcu.externaltools.gnu-tools-for-stm32.13.3.rel1.win32_1.0.0.202411081344/tools/bin/../lib/gcc/arm-none-eabi/13.3.1/../../../../arm-none-eabi/lib/thumb/v7e-m+fp/hard\libc_nano.a(libc_a-memchr.o)
                0x080001d0                memchr
 .text          0x08000270       0x30 C:/Users/samru/OneDrive/Desktop/STM32CubeIDE_1.19.0/STM32CubeIDE/plugins/com.st.stm32cube.ide.mcu.externaltools.gnu-tools-for-stm32.13.3.rel1.win32_1.0.0.202411081344/tools/bin/../lib/gcc/arm-none-eabi/13.3.1/thumb/v7e-m+fp/hard\libgcc.a(_aeabi_uldivmod.o)
                0x08000270                __aeabi_uldivmod
 .text          0x080002a0      0x2f8 C:/Users/samru/OneDrive/Desktop/STM32CubeIDE_1.19.0/STM32CubeIDE/plugins/com.st.stm32cube.ide.mcu.externaltools.gnu-tools-for-stm32.13.3.rel1.win32_1.0.0.202411081344/tools/bin/../lib/gcc/arm-none-eabi/13.3.1/thumb/v7e-m+fp/hard\libgcc.a(_udivmoddi4.o)
                0x080002a0                __udivmoddi4
 .text          0x08000598        0x4 C:/Users/samru/OneDrive/Desktop/STM32CubeIDE_1.19.0/STM32CubeIDE/plugins/com.st.stm32cube.ide.mcu.externaltools.gnu-tools-for-stm32.13.3.rel1.win32_1.0.0.202411081344/tools/bin/../lib/gcc/arm-none-eabi/13.3.1/thumb/v7e-m+fp/hard\libgcc.a(_dvmd_tls.o)
                0x08000598                __aeabi_idiv0
                0x08000598                __aeabi_ldiv0
 *(.text*)
 .text.DWT_Delay_Init
                0x0800059c       0x60 ./Core/Src/DHT11.o
 .text.delay_us
                0x080005fc       0x50 ./Core/Src/DHT11.o
                0x080005fc                delay_us
 .text.DHT11_Pin_Output
                0x0800064c       0x3c ./Core/Src/DHT11.o
 .text.DHT11_Pin_Input
                0x08000688       0x38 ./Core/Src/DHT11.o
 .text.DHT11_Init
                0x080006c0       0x3c ./Core/Src/DHT11.o
                0x080006c0                DHT11_Init
 .text.DHT11_ReadByte
                0x080006fc       0x78 ./Core/Src/DHT11.o
 .text.DHT11_Read
                0x08000774       0xb8 ./Core/Src/DHT11.o
                0x08000774                DHT11_Read
 .text.main     0x0800082c      0x188 ./Core/Src/main.o
                0x0800082c                main
 .text.SystemClock_Config
                0x080009b4       0xd4 ./Core/Src/main.o
                0x080009b4                SystemClock_Config
 .text.MX_ADC1_Init
                0x08000a88       0xa4 ./Core/Src/main.o
 .text.MX_I2C1_Init
                0x08000b2c       0x5c ./Core/Src/main.o
 .text.MX_USART2_UART_Init
                0x08000b88       0x54 ./Core/Src/main.o
 .text.MX_GPIO_Init
                0x08000bdc      0x118 ./Core/Src/main.o
 .text.Error_Handler
                0x08000cf4        0xc ./Core/Src/main.o
                0x08000cf4                Error_Handler
 .text.MQ2_Init
                0x08000d00       0x20 ./Core/Src/my_MQ2.o
                0x08000d00                MQ2_Init
 .text.MQ2_Read
                0x08000d20       0x48 ./Core/Src/my_MQ2.o
                0x08000d20                MQ2_Read
 .text.lcd_i2c_send_nibble
                0x08000d68       0x40 ./Core/Src/my_lcd.o
                0x08000d68                lcd_i2c_send_nibble
 .text.lcd16x2_i2c_sendCommand
                0x08000da8       0x40 ./Core/Src/my_lcd.o
                0x08000da8                lcd16x2_i2c_sendCommand
 .text.lcd16x2_i2c_sendData
                0x08000de8       0x40 ./Core/Src/my_lcd.o
                0x08000de8                lcd16x2_i2c_sendData
 .text.lcd16x2_i2c_init
                0x08000e28       0xbc ./Core/Src/my_lcd.o
                0x08000e28                lcd16x2_i2c_init
 .text.lcd16x2_i2c_setCursor
                0x08000ee4       0x3e ./Core/Src/my_lcd.o
                0x08000ee4                lcd16x2_i2c_setCursor
 .text.lcd16x2_i2c_clear
                0x08000f22       0x14 ./Core/Src/my_lcd.o
                0x08000f22                lcd16x2_i2c_clear
 .text.lcd16x2_i2c_printf
                0x08000f36       0x38 ./Core/Src/my_lcd.o
                0x08000f36                lcd16x2_i2c_printf
 *fill*         0x08000f6e        0x2 
 .text.HAL_MspInit
                0x08000f70       0x50 ./Core/Src/stm32f4xx_hal_msp.o
                0x08000f70                HAL_MspInit
 .text.HAL_ADC_MspInit
                0x08000fc0       0x88 ./Core/Src/stm32f4xx_hal_msp.o
                0x08000fc0                HAL_ADC_MspInit
 .text.HAL_I2C_MspInit
                0x08001048       0x90 ./Core/Src/stm32f4xx_hal_msp.o
                0x08001048                HAL_I2C_MspInit
 .text.HAL_UART_MspInit
                0x080010d8       0x90 ./Core/Src/stm32f4xx_hal_msp.o
                0x080010d8                HAL_UART_MspInit
 .text.NMI_Handler
                0x08001168        0x8 ./Core/Src/stm32f4xx_it.o
                0x08001168                NMI_Handler
 .text.HardFault_Handler
                0x08001170        0x8 ./Core/Src/stm32f4xx_it.o
                0x08001170                HardFault_Handler
 .text.MemManage_Handler
                0x08001178        0x8 ./Core/Src/stm32f4xx_it.o
                0x08001178                MemManage_Handler
 .text.BusFault_Handler
                0x08001180        0x8 ./Core/Src/stm32f4xx_it.o
                0x08001180                BusFault_Handler
 .text.UsageFault_Handler
                0x08001188        0x8 ./Core/Src/stm32f4xx_it.o
                0x08001188                UsageFault_Handler
 .text.SVC_Handler
                0x08001190        0xe ./Core/Src/stm32f4xx_it.o
                0x08001190                SVC_Handler
 .text.DebugMon_Handler
                0x0800119e        0xe ./Core/Src/stm32f4xx_it.o
                0x0800119e                DebugMon_Handler
 .text.PendSV_Handler
                0x080011ac        0xe ./Core/Src/stm32f4xx_it.o
                0x080011ac                PendSV_Handler
 .text.SysTick_Handler
                0x080011ba        0xc ./Core/Src/stm32f4xx_it.o
                0x080011ba                SysTick_Handler
 *fill*         0x080011c6        0x2 
 .text._sbrk    0x080011c8       0x6c ./Core/Src/sysmem.o
                0x080011c8                _sbrk
 .text.SystemInit
                0x08001234       0x24 ./Core/Src/system_stm32f4xx.o
                0x08001234                SystemInit
 .text.Reset_Handler
                0x08001258       0x50 ./Core/Startup/startup_stm32f407vgtx.o
                0x08001258                Reset_Handler
 .text.Default_Handler
                0x080012a8        0x2 ./Core/Startup/startup_stm32f407vgtx.o
                0x080012a8                RTC_Alarm_IRQHandler
                0x080012a8                HASH_RNG_IRQHandler
                0x080012a8                EXTI2_IRQHandler
                0x080012a8                TIM8_CC_IRQHandler
                0x080012a8                TIM1_CC_IRQHandler
                0x080012a8                DMA2_Stream5_IRQHandler
                0x080012a8                DMA1_Stream5_IRQHandler
                0x080012a8                PVD_IRQHandler
                0x080012a8                SDIO_IRQHandler
                0x080012a8                TAMP_STAMP_IRQHandler
                0x080012a8                CAN2_RX1_IRQHandler
                0x080012a8                EXTI3_IRQHandler
                0x080012a8                TIM8_TRG_COM_TIM14_IRQHandler
                0x080012a8                TIM1_UP_TIM10_IRQHandler
                0x080012a8                TIM8_UP_TIM13_IRQHandler
                0x080012a8                I2C3_ER_IRQHandler
                0x080012a8                EXTI0_IRQHandler
                0x080012a8                I2C2_EV_IRQHandler
                0x080012a8                DMA1_Stream2_IRQHandler
                0x080012a8                CAN1_RX0_IRQHandler
                0x080012a8                FPU_IRQHandler
                0x080012a8                OTG_HS_WKUP_IRQHandler
                0x080012a8                CAN2_SCE_IRQHandler
                0x080012a8                DMA2_Stream2_IRQHandler
                0x080012a8                SPI1_IRQHandler
                0x080012a8                TIM6_DAC_IRQHandler
                0x080012a8                TIM1_BRK_TIM9_IRQHandler
                0x080012a8                DCMI_IRQHandler
                0x080012a8                CAN2_RX0_IRQHandler
                0x080012a8                DMA2_Stream3_IRQHandler
                0x080012a8                USART6_IRQHandler
                0x080012a8                USART3_IRQHandler
                0x080012a8                CAN1_RX1_IRQHandler
                0x080012a8                UART5_IRQHandler
                0x080012a8                DMA2_Stream0_IRQHandler
                0x080012a8                TIM4_IRQHandler
                0x080012a8                I2C1_EV_IRQHandler
                0x080012a8                DMA1_Stream6_IRQHandler
                0x080012a8                DMA1_Stream1_IRQHandler
                0x080012a8                UART4_IRQHandler
                0x080012a8                TIM3_IRQHandler
                0x080012a8                RCC_IRQHandler
                0x080012a8                TIM8_BRK_TIM12_IRQHandler
                0x080012a8                Default_Handler
                0x080012a8                EXTI15_10_IRQHandler
                0x080012a8                ADC_IRQHandler
                0x080012a8                DMA1_Stream7_IRQHandler
                0x080012a8                TIM7_IRQHandler
                0x080012a8                CAN2_TX_IRQHandler
                0x080012a8                TIM5_IRQHandler
                0x080012a8                DMA2_Stream7_IRQHandler
                0x080012a8                I2C3_EV_IRQHandler
                0x080012a8                EXTI9_5_IRQHandler
                0x080012a8                RTC_WKUP_IRQHandler
                0x080012a8                ETH_WKUP_IRQHandler
                0x080012a8                SPI2_IRQHandler
                0x080012a8                OTG_HS_EP1_IN_IRQHandler
                0x080012a8                DMA1_Stream0_IRQHandler
                0x080012a8                CAN1_TX_IRQHandler
                0x080012a8                EXTI4_IRQHandler
                0x080012a8                FSMC_IRQHandler
                0x080012a8                ETH_IRQHandler
                0x080012a8                OTG_HS_EP1_OUT_IRQHandler
                0x080012a8                WWDG_IRQHandler
                0x080012a8                TIM2_IRQHandler
                0x080012a8                OTG_FS_WKUP_IRQHandler
                0x080012a8                TIM1_TRG_COM_TIM11_IRQHandler
                0x080012a8                OTG_HS_IRQHandler
                0x080012a8                EXTI1_IRQHandler
                0x080012a8                USART2_IRQHandler
                0x080012a8                I2C2_ER_IRQHandler
                0x080012a8                DMA2_Stream1_IRQHandler
                0x080012a8                CAN1_SCE_IRQHandler
                0x080012a8                FLASH_IRQHandler
                0x080012a8                DMA2_Stream4_IRQHandler
                0x080012a8                USART1_IRQHandler
                0x080012a8                OTG_FS_IRQHandler
                0x080012a8                SPI3_IRQHandler
                0x080012a8                DMA1_Stream4_IRQHandler
                0x080012a8                I2C1_ER_IRQHandler
                0x080012a8                DMA2_Stream6_IRQHandler
                0x080012a8                DMA1_Stream3_IRQHandler
 *fill*         0x080012aa        0x2 
 .text.HAL_Init
                0x080012ac       0x44 ./Drivers/STM32F4xx_HAL_Driver/Src/stm32f4xx_hal.o
                0x080012ac                HAL_Init
 .text.HAL_InitTick
                0x080012f0       0x60 ./Drivers/STM32F4xx_HAL_Driver/Src/stm32f4xx_hal.o
                0x080012f0                HAL_InitTick
 .text.HAL_IncTick
                0x08001350       0x28 ./Drivers/STM32F4xx_HAL_Driver/Src/stm32f4xx_hal.o
                0x08001350                HAL_IncTick
 .text.HAL_GetTick
                0x08001378       0x18 ./Drivers/STM32F4xx_HAL_Driver/Src/stm32f4xx_hal.o
                0x08001378                HAL_GetTick
 .text.HAL_Delay
                0x08001390       0x48 ./Drivers/STM32F4xx_HAL_Driver/Src/stm32f4xx_hal.o
                0x08001390                HAL_Delay
 .text.HAL_ADC_Init
                0x080013d8       0x86 ./Drivers/STM32F4xx_HAL_Driver/Src/stm32f4xx_hal_adc.o
                0x080013d8                HAL_ADC_Init
 *fill*         0x0800145e        0x2 
 .text.HAL_ADC_Start
                0x08001460      0x1a4 ./Drivers/STM32F4xx_HAL_Driver/Src/stm32f4xx_hal_adc.o
                0x08001460                HAL_ADC_Start
 .text.HAL_ADC_Stop
                0x08001604       0x66 ./Drivers/STM32F4xx_HAL_Driver/Src/stm32f4xx_hal_adc.o
                0x08001604                HAL_ADC_Stop
 .text.HAL_ADC_PollForConversion
                0x0800166a      0x116 ./Drivers/STM32F4xx_HAL_Driver/Src/stm32f4xx_hal_adc.o
                0x0800166a                HAL_ADC_PollForConversion
 .text.HAL_ADC_GetValue
                0x08001780       0x1a ./Drivers/STM32F4xx_HAL_Driver/Src/stm32f4xx_hal_adc.o
                0x08001780                HAL_ADC_GetValue
 *fill*         0x0800179a        0x2 
 .text.HAL_ADC_ConfigChannel
                0x0800179c      0x244 ./Drivers/STM32F4xx_HAL_Driver/Src/stm32f4xx_hal_adc.o
                0x0800179c                HAL_ADC_ConfigChannel
 .text.ADC_Init
                0x080019e0      0x1f8 ./Drivers/STM32F4xx_HAL_Driver/Src/stm32f4xx_hal_adc.o
 .text.__NVIC_SetPriorityGrouping
                0x08001bd8       0x48 ./Drivers/STM32F4xx_HAL_Driver/Src/stm32f4xx_hal_cortex.o
 .text.__NVIC_GetPriorityGrouping
                0x08001c20       0x1c ./Drivers/STM32F4xx_HAL_Driver/Src/stm32f4xx_hal_cortex.o
 .text.__NVIC_SetPriority
                0x08001c3c       0x54 ./Drivers/STM32F4xx_HAL_Driver/Src/stm32f4xx_hal_cortex.o
 .text.NVIC_EncodePriority
                0x08001c90       0x66 ./Drivers/STM32F4xx_HAL_Driver/Src/stm32f4xx_hal_cortex.o
 *fill*         0x08001cf6        0x2 
 .text.SysTick_Config
                0x08001cf8       0x44 ./Drivers/STM32F4xx_HAL_Driver/Src/stm32f4xx_hal_cortex.o
 .text.HAL_NVIC_SetPriorityGrouping
                0x08001d3c       0x16 ./Drivers/STM32F4xx_HAL_Driver/Src/stm32f4xx_hal_cortex.o
                0x08001d3c                HAL_NVIC_SetPriorityGrouping
 .text.HAL_NVIC_SetPriority
                0x08001d52       0x38 ./Drivers/STM32F4xx_HAL_Driver/Src/stm32f4xx_hal_cortex.o
                0x08001d52                HAL_NVIC_SetPriority
 .text.HAL_SYSTICK_Config
                0x08001d8a       0x18 ./Drivers/STM32F4xx_HAL_Driver/Src/stm32f4xx_hal_cortex.o
                0x08001d8a                HAL_SYSTICK_Config
 *fill*         0x08001da2        0x2 
 .text.HAL_GPIO_Init
                0x08001da4      0x338 ./Drivers/STM32F4xx_HAL_Driver/Src/stm32f4xx_hal_gpio.o
                0x08001da4                HAL_GPIO_Init
 .text.HAL_GPIO_ReadPin
                0x080020dc       0x30 ./Drivers/STM32F4xx_HAL_Driver/Src/stm32f4xx_hal_gpio.o
                0x080020dc                HAL_GPIO_ReadPin
 .text.HAL_GPIO_WritePin
                0x0800210c       0x32 ./Drivers/STM32F4xx_HAL_Driver/Src/stm32f4xx_hal_gpio.o
                0x0800210c                HAL_GPIO_WritePin
 *fill*         0x0800213e        0x2 
 .text.HAL_I2C_Init
                0x08002140      0x288 ./Drivers/STM32F4xx_HAL_Driver/Src/stm32f4xx_hal_i2c.o
                0x08002140                HAL_I2C_Init
 .text.HAL_I2C_Master_Transmit
                0x080023c8      0x1fc ./Drivers/STM32F4xx_HAL_Driver/Src/stm32f4xx_hal_i2c.o
                0x080023c8                HAL_I2C_Master_Transmit
 .text.HAL_I2C_IsDeviceReady
                0x080025c4      0x25c ./Drivers/STM32F4xx_HAL_Driver/Src/stm32f4xx_hal_i2c.o
                0x080025c4                HAL_I2C_IsDeviceReady
 .text.I2C_MasterRequestWrite
                0x08002820      0x104 ./Drivers/STM32F4xx_HAL_Driver/Src/stm32f4xx_hal_i2c.o
 .text.I2C_WaitOnFlagUntilTimeout
                0x08002924       0xf4 ./Drivers/STM32F4xx_HAL_Driver/Src/stm32f4xx_hal_i2c.o
 .text.I2C_WaitOnMasterAddressFlagUntilTimeout
                0x08002a18      0x140 ./Drivers/STM32F4xx_HAL_Driver/Src/stm32f4xx_hal_i2c.o
 .text.I2C_WaitOnTXEFlagUntilTimeout
                0x08002b58       0x90 ./Drivers/STM32F4xx_HAL_Driver/Src/stm32f4xx_hal_i2c.o
 .text.I2C_WaitOnBTFFlagUntilTimeout
                0x08002be8       0x90 ./Drivers/STM32F4xx_HAL_Driver/Src/stm32f4xx_hal_i2c.o
 .text.I2C_IsAcknowledgeFailed
                0x08002c78       0x5e ./Drivers/STM32F4xx_HAL_Driver/Src/stm32f4xx_hal_i2c.o
 *fill*         0x08002cd6        0x2 
 .text.HAL_RCC_OscConfig
                0x08002cd8      0x4f0 ./Drivers/STM32F4xx_HAL_Driver/Src/stm32f4xx_hal_rcc.o
                0x08002cd8                HAL_RCC_OscConfig
 .text.HAL_RCC_ClockConfig
                0x080031c8      0x1cc ./Drivers/STM32F4xx_HAL_Driver/Src/stm32f4xx_hal_rcc.o
                0x080031c8                HAL_RCC_ClockConfig
 .text.HAL_RCC_GetSysClockFreq
                0x08003394      0x20c ./Drivers/STM32F4xx_HAL_Driver/Src/stm32f4xx_hal_rcc.o
                0x08003394                HAL_RCC_GetSysClockFreq
 .text.HAL_RCC_GetHCLKFreq
                0x080035a0       0x18 ./Drivers/STM32F4xx_HAL_Driver/Src/stm32f4xx_hal_rcc.o
                0x080035a0                HAL_RCC_GetHCLKFreq
 .text.HAL_RCC_GetPCLK1Freq
                0x080035b8       0x28 ./Drivers/STM32F4xx_HAL_Driver/Src/stm32f4xx_hal_rcc.o
                0x080035b8                HAL_RCC_GetPCLK1Freq
 .text.HAL_RCC_GetPCLK2Freq
                0x080035e0       0x28 ./Drivers/STM32F4xx_HAL_Driver/Src/stm32f4xx_hal_rcc.o
                0x080035e0                HAL_RCC_GetPCLK2Freq
 .text.HAL_UART_Init
                0x08003608       0xa0 ./Drivers/STM32F4xx_HAL_Driver/Src/stm32f4xx_hal_uart.o
                0x08003608                HAL_UART_Init
 .text.HAL_UART_Transmit
                0x080036a8      0x116 ./Drivers/STM32F4xx_HAL_Driver/Src/stm32f4xx_hal_uart.o
                0x080036a8                HAL_UART_Transmit
 .text.UART_WaitOnFlagUntilTimeout
                0x080037be       0xb2 ./Drivers/STM32F4xx_HAL_Driver/Src/stm32f4xx_hal_uart.o
 .text.UART_EndRxTransfer
                0x08003870       0xc6 ./Drivers/STM32F4xx_HAL_Driver/Src/stm32f4xx_hal_uart.o
 *fill*         0x08003936        0x2 
 .text.UART_SetConfig
                0x08003938      0x4e8 ./Drivers/STM32F4xx_HAL_Driver/Src/stm32f4xx_hal_uart.o
 .text.sprintf  0x08003e20       0x44 C:/Users/samru/OneDrive/Desktop/STM32CubeIDE_1.19.0/STM32CubeIDE/plugins/com.st.stm32cube.ide.mcu.externaltools.gnu-tools-for-stm32.13.3.rel1.win32_1.0.0.202411081344/tools/bin/../lib/gcc/arm-none-eabi/13.3.1/../../../../arm-none-eabi/lib/thumb/v7e-m+fp/hard\libc_nano.a(libc_a-sprintf.o)
                0x08003e20                siprintf
                0x08003e20                sprintf
 .text.memset   0x08003e64       0x10 C:/Users/samru/OneDrive/Desktop/STM32CubeIDE_1.19.0/STM32CubeIDE/plugins/com.st.stm32cube.ide.mcu.externaltools.gnu-tools-for-stm32.13.3.rel1.win32_1.0.0.202411081344/tools/bin/../lib/gcc/arm-none-eabi/13.3.1/../../../../arm-none-eabi/lib/thumb/v7e-m+fp/hard\libc_nano.a(libc_a-memset.o)
                0x08003e64                memset
 .text.__errno  0x08003e74        0xc C:/Users/samru/OneDrive/Desktop/STM32CubeIDE_1.19.0/STM32CubeIDE/plugins/com.st.stm32cube.ide.mcu.externaltools.gnu-tools-for-stm32.13.3.rel1.win32_1.0.0.202411081344/tools/bin/../lib/gcc/arm-none-eabi/13.3.1/../../../../arm-none-eabi/lib/thumb/v7e-m+fp/hard\libc_nano.a(libc_a-errno.o)
                0x08003e74                __errno
 .text.__libc_init_array
                0x08003e80       0x48 C:/Users/samru/OneDrive/Desktop/STM32CubeIDE_1.19.0/STM32CubeIDE/plugins/com.st.stm32cube.ide.mcu.externaltools.gnu-tools-for-stm32.13.3.rel1.win32_1.0.0.202411081344/tools/bin/../lib/gcc/arm-none-eabi/13.3.1/../../../../arm-none-eabi/lib/thumb/v7e-m+fp/hard\libc_nano.a(libc_a-init.o)
                0x08003e80                __libc_init_array
 .text.__retarget_lock_acquire_recursive
                0x08003ec8        0x2 C:/Users/samru/OneDrive/Desktop/STM32CubeIDE_1.19.0/STM32CubeIDE/plugins/com.st.stm32cube.ide.mcu.externaltools.gnu-tools-for-stm32.13.3.rel1.win32_1.0.0.202411081344/tools/bin/../lib/gcc/arm-none-eabi/13.3.1/../../../../arm-none-eabi/lib/thumb/v7e-m+fp/hard\libc_nano.a(libc_a-lock.o)
                0x08003ec8                __retarget_lock_acquire_recursive
 .text.__retarget_lock_release_recursive
                0x08003eca        0x2 C:/Users/samru/OneDrive/Desktop/STM32CubeIDE_1.19.0/STM32CubeIDE/plugins/com.st.stm32cube.ide.mcu.externaltools.gnu-tools-for-stm32.13.3.rel1.win32_1.0.0.202411081344/tools/bin/../lib/gcc/arm-none-eabi/13.3.1/../../../../arm-none-eabi/lib/thumb/v7e-m+fp/hard\libc_nano.a(libc_a-lock.o)
                0x08003eca                __retarget_lock_release_recursive
 .text._free_r  0x08003ecc       0x94 C:/Users/samru/OneDrive/Desktop/STM32CubeIDE_1.19.0/STM32CubeIDE/plugins/com.st.stm32cube.ide.mcu.externaltools.gnu-tools-for-stm32.13.3.rel1.win32_1.0.0.202411081344/tools/bin/../lib/gcc/arm-none-eabi/13.3.1/../../../../arm-none-eabi/lib/thumb/v7e-m+fp/hard\libc_nano.a(libc_a-freer.o)
                0x08003ecc                _free_r
 .text.sbrk_aligned
                0x08003f60       0x44 C:/Users/samru/OneDrive/Desktop/STM32CubeIDE_1.19.0/STM32CubeIDE/plugins/com.st.stm32cube.ide.mcu.externaltools.gnu-tools-for-stm32.13.3.rel1.win32_1.0.0.202411081344/tools/bin/../lib/gcc/arm-none-eabi/13.3.1/../../../../arm-none-eabi/lib/thumb/v7e-m+fp/hard\libc_nano.a(libc_a-mallocr.o)
 .text._malloc_r
                0x08003fa4      0x100 C:/Users/samru/OneDrive/Desktop/STM32CubeIDE_1.19.0/STM32CubeIDE/plugins/com.st.stm32cube.ide.mcu.externaltools.gnu-tools-for-stm32.13.3.rel1.win32_1.0.0.202411081344/tools/bin/../lib/gcc/arm-none-eabi/13.3.1/../../../../arm-none-eabi/lib/thumb/v7e-m+fp/hard\libc_nano.a(libc_a-mallocr.o)
                0x08003fa4                _malloc_r
 .text.__malloc_lock
                0x080040a4        0xc C:/Users/samru/OneDrive/Desktop/STM32CubeIDE_1.19.0/STM32CubeIDE/plugins/com.st.stm32cube.ide.mcu.externaltools.gnu-tools-for-stm32.13.3.rel1.win32_1.0.0.202411081344/tools/bin/../lib/gcc/arm-none-eabi/13.3.1/../../../../arm-none-eabi/lib/thumb/v7e-m+fp/hard\libc_nano.a(libc_a-mlock.o)
                0x080040a4                __malloc_lock
 .text.__malloc_unlock
                0x080040b0        0xc C:/Users/samru/OneDrive/Desktop/STM32CubeIDE_1.19.0/STM32CubeIDE/plugins/com.st.stm32cube.ide.mcu.externaltools.gnu-tools-for-stm32.13.3.rel1.win32_1.0.0.202411081344/tools/bin/../lib/gcc/arm-none-eabi/13.3.1/../../../../arm-none-eabi/lib/thumb/v7e-m+fp/hard\libc_nano.a(libc_a-mlock.o)
                0x080040b0                __malloc_unlock
 .text.__ssputs_r
                0x080040bc       0xb6 C:/Users/samru/OneDrive/Desktop/STM32CubeIDE_1.19.0/STM32CubeIDE/plugins/com.st.stm32cube.ide.mcu.externaltools.gnu-tools-for-stm32.13.3.rel1.win32_1.0.0.202411081344/tools/bin/../lib/gcc/arm-none-eabi/13.3.1/../../../../arm-none-eabi/lib/thumb/v7e-m+fp/hard\libc_nano.a(libc_a-nano-svfprintf.o)
                0x080040bc                __ssputs_r
 *fill*         0x08004172        0x2 
 .text._svfprintf_r
                0x08004174      0x1f8 C:/Users/samru/OneDrive/Desktop/STM32CubeIDE_1.19.0/STM32CubeIDE/plugins/com.st.stm32cube.ide.mcu.externaltools.gnu-tools-for-stm32.13.3.rel1.win32_1.0.0.202411081344/tools/bin/../lib/gcc/arm-none-eabi/13.3.1/../../../../arm-none-eabi/lib/thumb/v7e-m+fp/hard\libc_nano.a(libc_a-nano-svfprintf.o)
                0x08004174                _svfiprintf_r
                0x08004174                _svfprintf_r
 .text._printf_common
                0x0800436c       0xda C:/Users/samru/OneDrive/Desktop/STM32CubeIDE_1.19.0/STM32CubeIDE/plugins/com.st.stm32cube.ide.mcu.externaltools.gnu-tools-for-stm32.13.3.rel1.win32_1.0.0.202411081344/tools/bin/../lib/gcc/arm-none-eabi/13.3.1/../../../../arm-none-eabi/lib/thumb/v7e-m+fp/hard\libc_nano.a(libc_a-nano-vfprintf_i.o)
                0x0800436c                _printf_common
 *fill*         0x08004446        0x2 
 .text._printf_i
                0x08004448      0x23c C:/Users/samru/OneDrive/Desktop/STM32CubeIDE_1.19.0/STM32CubeIDE/plugins/com.st.stm32cube.ide.mcu.externaltools.gnu-tools-for-stm32.13.3.rel1.win32_1.0.0.202411081344/tools/bin/../lib/gcc/arm-none-eabi/13.3.1/../../../../arm-none-eabi/lib/thumb/v7e-m+fp/hard\libc_nano.a(libc_a-nano-vfprintf_i.o)
                0x08004448                _printf_i
 .text.memmove  0x08004684       0x34 C:/Users/samru/OneDrive/Desktop/STM32CubeIDE_1.19.0/STM32CubeIDE/plugins/com.st.stm32cube.ide.mcu.externaltools.gnu-tools-for-stm32.13.3.rel1.win32_1.0.0.202411081344/tools/bin/../lib/gcc/arm-none-eabi/13.3.1/../../../../arm-none-eabi/lib/thumb/v7e-m+fp/hard\libc_nano.a(libc_a-memmove.o)
                0x08004684                memmove
 .text._sbrk_r  0x080046b8       0x20 C:/Users/samru/OneDrive/Desktop/STM32CubeIDE_1.19.0/STM32CubeIDE/plugins/com.st.stm32cube.ide.mcu.externaltools.gnu-tools-for-stm32.13.3.rel1.win32_1.0.0.202411081344/tools/bin/../lib/gcc/arm-none-eabi/13.3.1/../../../../arm-none-eabi/lib/thumb/v7e-m+fp/hard\libc_nano.a(libc_a-sbrkr.o)
                0x080046b8                _sbrk_r
 .text.memcpy   0x080046d8       0x1c C:/Users/samru/OneDrive/Desktop/STM32CubeIDE_1.19.0/STM32CubeIDE/plugins/com.st.stm32cube.ide.mcu.externaltools.gnu-tools-for-stm32.13.3.rel1.win32_1.0.0.202411081344/tools/bin/../lib/gcc/arm-none-eabi/13.3.1/../../../../arm-none-eabi/lib/thumb/v7e-m+fp/hard\libc_nano.a(libc_a-memcpy-stub.o)
                0x080046d8                memcpy
 .text._realloc_r
                0x080046f4       0x5c C:/Users/samru/OneDrive/Desktop/STM32CubeIDE_1.19.0/STM32CubeIDE/plugins/com.st.stm32cube.ide.mcu.externaltools.gnu-tools-for-stm32.13.3.rel1.win32_1.0.0.202411081344/tools/bin/../lib/gcc/arm-none-eabi/13.3.1/../../../../arm-none-eabi/lib/thumb/v7e-m+fp/hard\libc_nano.a(libc_a-reallocr.o)
                0x080046f4                _realloc_r
 .text._malloc_usable_size_r
                0x08004750       0x10 C:/Users/samru/OneDrive/Desktop/STM32CubeIDE_1.19.0/STM32CubeIDE/plugins/com.st.stm32cube.ide.mcu.externaltools.gnu-tools-for-stm32.13.3.rel1.win32_1.0.0.202411081344/tools/bin/../lib/gcc/arm-none-eabi/13.3.1/../../../../arm-none-eabi/lib/thumb/v7e-m+fp/hard\libc_nano.a(libc_a-msizer.o)
                0x08004750                _malloc_usable_size_r
 *(.glue_7)
 .glue_7        0x08004760        0x0 linker stubs
 *(.glue_7t)
 .glue_7t       0x08004760        0x0 linker stubs
 *(.eh_frame)
 .eh_frame      0x08004760        0x0 C:/Users/samru/OneDrive/Desktop/STM32CubeIDE_1.19.0/STM32CubeIDE/plugins/com.st.stm32cube.ide.mcu.externaltools.gnu-tools-for-stm32.13.3.rel1.win32_1.0.0.202411081344/tools/bin/../lib/gcc/arm-none-eabi/13.3.1/thumb/v7e-m+fp/hard/crtbegin.o
 *(.init)
 .init          0x08004760        0x4 C:/Users/samru/OneDrive/Desktop/STM32CubeIDE_1.19.0/STM32CubeIDE/plugins/com.st.stm32cube.ide.mcu.externaltools.gnu-tools-for-stm32.13.3.rel1.win32_1.0.0.202411081344/tools/bin/../lib/gcc/arm-none-eabi/13.3.1/thumb/v7e-m+fp/hard/crti.o
                0x08004760                _init
 .init          0x08004764        0x8 C:/Users/samru/OneDrive/Desktop/STM32CubeIDE_1.19.0/STM32CubeIDE/plugins/com.st.stm32cube.ide.mcu.externaltools.gnu-tools-for-stm32.13.3.rel1.win32_1.0.0.202411081344/tools/bin/../lib/gcc/arm-none-eabi/13.3.1/thumb/v7e-m+fp/hard/crtn.o
 *(.fini)
 .fini          0x0800476c        0x4 C:/Users/samru/OneDrive/Desktop/STM32CubeIDE_1.19.0/STM32CubeIDE/plugins/com.st.stm32cube.ide.mcu.externaltools.gnu-tools-for-stm32.13.3.rel1.win32_1.0.0.202411081344/tools/bin/../lib/gcc/arm-none-eabi/13.3.1/thumb/v7e-m+fp/hard/crti.o
                0x0800476c                _fini
 .fini          0x08004770        0x8 C:/Users/samru/OneDrive/Desktop/STM32CubeIDE_1.19.0/STM32CubeIDE/plugins/com.st.stm32cube.ide.mcu.externaltools.gnu-tools-for-stm32.13.3.rel1.win32_1.0.0.202411081344/tools/bin/../lib/gcc/arm-none-eabi/13.3.1/thumb/v7e-m+fp/hard/crtn.o
                0x08004778                        . = ALIGN (0x4)
                0x08004778                        _etext = .

.vfp11_veneer   0x08004778        0x0
 .vfp11_veneer  0x08004778        0x0 linker stubs

.v4_bx          0x08004778        0x0
 .v4_bx         0x08004778        0x0 linker stubs

.iplt           0x08004778        0x0
 .iplt          0x08004778        0x0 C:/Users/samru/OneDrive/Desktop/STM32CubeIDE_1.19.0/STM32CubeIDE/plugins/com.st.stm32cube.ide.mcu.externaltools.gnu-tools-for-stm32.13.3.rel1.win32_1.0.0.202411081344/tools/bin/../lib/gcc/arm-none-eabi/13.3.1/thumb/v7e-m+fp/hard/crtbegin.o

.rodata         0x08004778       0x84
                0x08004778                        . = ALIGN (0x4)
 *(.rodata)
 .rodata        0x08004778       0x18 ./Core/Src/DHT11.o
 .rodata        0x08004790       0x1e ./Core/Src/main.o
 *(.rodata*)
 *fill*         0x080047ae        0x2 
 .rodata.AHBPrescTable
                0x080047b0       0x10 ./Core/Src/system_stm32f4xx.o
                0x080047b0                AHBPrescTable
 .rodata.APBPrescTable
                0x080047c0        0x8 ./Core/Src/system_stm32f4xx.o
                0x080047c0                APBPrescTable
 .rodata._svfprintf_r.str1.1
                0x080047c8       0x33 C:/Users/samru/OneDrive/Desktop/STM32CubeIDE_1.19.0/STM32CubeIDE/plugins/com.st.stm32cube.ide.mcu.externaltools.gnu-tools-for-stm32.13.3.rel1.win32_1.0.0.202411081344/tools/bin/../lib/gcc/arm-none-eabi/13.3.1/../../../../arm-none-eabi/lib/thumb/v7e-m+fp/hard\libc_nano.a(libc_a-nano-svfprintf.o)
                                 0x11 (size before relaxing)
 .rodata._printf_i.str1.1
                0x080047fb       0x22 C:/Users/samru/OneDrive/Desktop/STM32CubeIDE_1.19.0/STM32CubeIDE/plugins/com.st.stm32cube.ide.mcu.externaltools.gnu-tools-for-stm32.13.3.rel1.win32_1.0.0.202411081344/tools/bin/../lib/gcc/arm-none-eabi/13.3.1/../../../../arm-none-eabi/lib/thumb/v7e-m+fp/hard\libc_nano.a(libc_a-nano-vfprintf_i.o)
                0x08004820                        . = ALIGN (0x4)
 *fill*         0x080047fb        0x1 

.ARM.extab      0x080047fc        0x0
                0x080047fc                        . = ALIGN (0x4)
 *(.ARM.extab* .gnu.linkonce.armextab.*)
                0x080047fc                        . = ALIGN (0x4)

.ARM            0x080047fc        0x8
                0x080047fc                        . = ALIGN (0x4)
                0x080047fc                        __exidx_start = .
 *(.ARM.exidx*)
 .ARM.exidx     0x080047fc        0x8 C:/Users/samru/OneDrive/Desktop/STM32CubeIDE_1.19.0/STM32CubeIDE/plugins/com.st.stm32cube.ide.mcu.externaltools.gnu-tools-for-stm32.13.3.rel1.win32_1.0.0.202411081344/tools/bin/../lib/gcc/arm-none-eabi/13.3.1/../../../../arm-none-eabi/lib/thumb/v7e-m+fp/hard\libc_nano.a(libc_a-memchr.o)
 .ARM.exidx     0x08004804        0x0 C:/Users/samru/OneDrive/Desktop/STM32CubeIDE_1.19.0/STM32CubeIDE/plugins/com.st.stm32cube.ide.mcu.externaltools.gnu-tools-for-stm32.13.3.rel1.win32_1.0.0.202411081344/tools/bin/../lib/gcc/arm-none-eabi/13.3.1/thumb/v7e-m+fp/hard\libgcc.a(_udivmoddi4.o)
                                  0x8 (size before relaxing)
                0x08004804                        __exidx_end = .
                0x08004804                        . = ALIGN (0x4)

.preinit_array  0x08004804        0x0
                0x08004804                        . = ALIGN (0x4)
                0x08004804                        PROVIDE (__preinit_array_start = .)
 *(.preinit_array*)
                0x08004804                        PROVIDE (__preinit_array_end = .)
                0x08004804                        . = ALIGN (0x4)

.init_array     0x08004804        0x4
                0x08004804                        . = ALIGN (0x4)
                0x08004804                        PROVIDE (__init_array_start = .)
 *(SORT_BY_NAME(.init_array.*))
 *(.init_array*)
 .init_array    0x08004804        0x4 C:/Users/samru/OneDrive/Desktop/STM32CubeIDE_1.19.0/STM32CubeIDE/plugins/com.st.stm32cube.ide.mcu.externaltools.gnu-tools-for-stm32.13.3.rel1.win32_1.0.0.202411081344/tools/bin/../lib/gcc/arm-none-eabi/13.3.1/thumb/v7e-m+fp/hard/crtbegin.o
                0x08004808                        PROVIDE (__init_array_end = .)
                0x08004808                        . = ALIGN (0x4)

.fini_array     0x08004808        0x4
                0x08004808                        . = ALIGN (0x4)
                [!provide]                        PROVIDE (__fini_array_start = .)
 *(SORT_BY_NAME(.fini_array.*))
 *(.fini_array*)
 .fini_array    0x08004808        0x4 C:/Users/samru/OneDrive/Desktop/STM32CubeIDE_1.19.0/STM32CubeIDE/plugins/com.st.stm32cube.ide.mcu.externaltools.gnu-tools-for-stm32.13.3.rel1.win32_1.0.0.202411081344/tools/bin/../lib/gcc/arm-none-eabi/13.3.1/thumb/v7e-m+fp/hard/crtbegin.o
                [!provide]                        PROVIDE (__fini_array_end = .)
                0x0800480c                        . = ALIGN (0x4)
                0x0800480c                        _sidata = LOADADDR (.data)

.rel.dyn        0x0800480c        0x0
 .rel.iplt      0x0800480c        0x0 C:/Users/samru/OneDrive/Desktop/STM32CubeIDE_1.19.0/STM32CubeIDE/plugins/com.st.stm32cube.ide.mcu.externaltools.gnu-tools-for-stm32.13.3.rel1.win32_1.0.0.202411081344/tools/bin/../lib/gcc/arm-none-eabi/13.3.1/thumb/v7e-m+fp/hard/crtbegin.o

.data           0x20000000       0x5c load address 0x0800480c
                0x20000000                        . = ALIGN (0x4)
                0x20000000                        _sdata = .
 *(.data)
 *(.data*)
 .data.SystemCoreClock
                0x20000000        0x4 ./Core/Src/system_stm32f4xx.o
                0x20000000                SystemCoreClock
 .data.uwTickPrio
                0x20000004        0x4 ./Drivers/STM32F4xx_HAL_Driver/Src/stm32f4xx_hal.o
                0x20000004                uwTickPrio
 .data.uwTickFreq
                0x20000008        0x1 ./Drivers/STM32F4xx_HAL_Driver/Src/stm32f4xx_hal.o
                0x20000008                uwTickFreq
 *fill*         0x20000009        0x3 
 .data._impure_ptr
                0x2000000c        0x4 C:/Users/samru/OneDrive/Desktop/STM32CubeIDE_1.19.0/STM32CubeIDE/plugins/com.st.stm32cube.ide.mcu.externaltools.gnu-tools-for-stm32.13.3.rel1.win32_1.0.0.202411081344/tools/bin/../lib/gcc/arm-none-eabi/13.3.1/../../../../arm-none-eabi/lib/thumb/v7e-m+fp/hard\libc_nano.a(libc_a-impure.o)
                0x2000000c                _impure_ptr
 .data._impure_data
                0x20000010       0x4c C:/Users/samru/OneDrive/Desktop/STM32CubeIDE_1.19.0/STM32CubeIDE/plugins/com.st.stm32cube.ide.mcu.externaltools.gnu-tools-for-stm32.13.3.rel1.win32_1.0.0.202411081344/tools/bin/../lib/gcc/arm-none-eabi/13.3.1/../../../../arm-none-eabi/lib/thumb/v7e-m+fp/hard\libc_nano.a(libc_a-impure.o)
                0x20000010                _impure_data
 *(.RamFunc)
 *(.RamFunc*)
                0x2000005c                        . = ALIGN (0x4)
                0x2000005c                        _edata = .
                0x08004868                        _siccmram = LOADADDR (.ccmram)

.igot.plt       0x2000005c        0x0 load address 0x08004868
 .igot.plt      0x2000005c        0x0 C:/Users/samru/OneDrive/Desktop/STM32CubeIDE_1.19.0/STM32CubeIDE/plugins/com.st.stm32cube.ide.mcu.externaltools.gnu-tools-for-stm32.13.3.rel1.win32_1.0.0.202411081344/tools/bin/../lib/gcc/arm-none-eabi/13.3.1/thumb/v7e-m+fp/hard/crtbegin.o

.ccmram         0x10000000        0x0 load address 0x08004868
                0x10000000                        . = ALIGN (0x4)
                0x10000000                        _sccmram = .
 *(.ccmram)
 *(.ccmram*)
                0x10000000                        . = ALIGN (0x4)
                0x10000000                        _eccmram = .
                0x10000000                        . = ALIGN (0x4)

.bss            0x2000005c      0x25c
                0x2000005c                        _sbss = .
                0x2000005c                        __bss_start__ = _sbss
 *(.bss)
 .bss           0x2000005c       0x1c C:/Users/samru/OneDrive/Desktop/STM32CubeIDE_1.19.0/STM32CubeIDE/plugins/com.st.stm32cube.ide.mcu.externaltools.gnu-tools-for-stm32.13.3.rel1.win32_1.0.0.202411081344/tools/bin/../lib/gcc/arm-none-eabi/13.3.1/thumb/v7e-m+fp/hard/crtbegin.o
 *(.bss*)
 .bss.hadc1     0x20000078       0x48 ./Core/Src/main.o
                0x20000078                hadc1
 .bss.hi2c1     0x200000c0       0x54 ./Core/Src/main.o
                0x200000c0                hi2c1
 .bss.huart2    0x20000114       0x48 ./Core/Src/main.o
                0x20000114                huart2
 .bss.mq2_adc   0x2000015c        0x4 ./Core/Src/my_MQ2.o
 .bss.lcd16x2_i2cHandle
                0x20000160        0x4 ./Core/Src/my_lcd.o
                0x20000160                lcd16x2_i2cHandle
 .bss.LCD_I2C_SLAVE_ADDRESS
                0x20000164        0x1 ./Core/Src/my_lcd.o
                0x20000164                LCD_I2C_SLAVE_ADDRESS
 *fill*         0x20000165        0x3 
 .bss.__sbrk_heap_end
                0x20000168        0x4 ./Core/Src/sysmem.o
 .bss.uwTick    0x2000016c        0x4 ./Drivers/STM32F4xx_HAL_Driver/Src/stm32f4xx_hal.o
                0x2000016c                uwTick
 .bss.__sf      0x20000170      0x138 C:/Users/samru/OneDrive/Desktop/STM32CubeIDE_1.19.0/STM32CubeIDE/plugins/com.st.stm32cube.ide.mcu.externaltools.gnu-tools-for-stm32.13.3.rel1.win32_1.0.0.202411081344/tools/bin/../lib/gcc/arm-none-eabi/13.3.1/../../../../arm-none-eabi/lib/thumb/v7e-m+fp/hard\libc_nano.a(libc_a-findfp.o)
                0x20000170                __sf
 .bss.errno     0x200002a8        0x4 C:/Users/samru/OneDrive/Desktop/STM32CubeIDE_1.19.0/STM32CubeIDE/plugins/com.st.stm32cube.ide.mcu.externaltools.gnu-tools-for-stm32.13.3.rel1.win32_1.0.0.202411081344/tools/bin/../lib/gcc/arm-none-eabi/13.3.1/../../../../arm-none-eabi/lib/thumb/v7e-m+fp/hard\libc_nano.a(libc_a-reent.o)
                0x200002a8                errno
 .bss.__lock___malloc_recursive_mutex
                0x200002ac        0x1 C:/Users/samru/OneDrive/Desktop/STM32CubeIDE_1.19.0/STM32CubeIDE/plugins/com.st.stm32cube.ide.mcu.externaltools.gnu-tools-for-stm32.13.3.rel1.win32_1.0.0.202411081344/tools/bin/../lib/gcc/arm-none-eabi/13.3.1/../../../../arm-none-eabi/lib/thumb/v7e-m+fp/hard\libc_nano.a(libc_a-lock.o)
                0x200002ac                __lock___malloc_recursive_mutex
 *fill*         0x200002ad        0x3 
 .bss.__malloc_sbrk_start
                0x200002b0        0x4 C:/Users/samru/OneDrive/Desktop/STM32CubeIDE_1.19.0/STM32CubeIDE/plugins/com.st.stm32cube.ide.mcu.externaltools.gnu-tools-for-stm32.13.3.rel1.win32_1.0.0.202411081344/tools/bin/../lib/gcc/arm-none-eabi/13.3.1/../../../../arm-none-eabi/lib/thumb/v7e-m+fp/hard\libc_nano.a(libc_a-mallocr.o)
                0x200002b0                __malloc_sbrk_start
 .bss.__malloc_free_list
                0x200002b4        0x4 C:/Users/samru/OneDrive/Desktop/STM32CubeIDE_1.19.0/STM32CubeIDE/plugins/com.st.stm32cube.ide.mcu.externaltools.gnu-tools-for-stm32.13.3.rel1.win32_1.0.0.202411081344/tools/bin/../lib/gcc/arm-none-eabi/13.3.1/../../../../arm-none-eabi/lib/thumb/v7e-m+fp/hard\libc_nano.a(libc_a-mallocr.o)
                0x200002b4                __malloc_free_list
 *(COMMON)
                0x200002b8                        . = ALIGN (0x4)
                0x200002b8                        _ebss = .
                0x200002b8                        __bss_end__ = _ebss

._user_heap_stack
                0x200002b8      0x600
                0x200002b8                        . = ALIGN (0x8)
                [!provide]                        PROVIDE (end = .)
                0x200002b8                        PROVIDE (_end = .)
                0x200004b8                        . = (. + _Min_Heap_Size)
 *fill*         0x200002b8      0x200 
                0x200008b8                        . = (. + _Min_Stack_Size)
 *fill*         0x200004b8      0x400 
                0x200008b8                        . = ALIGN (0x8)

/DISCARD/
 libc.a(*)
 libm.a(*)
 libgcc.a(*)

.ARM.attributes
                0x00000000       0x30
 *(.ARM.attributes)
 .ARM.attributes
                0x00000000       0x22 C:/Users/samru/OneDrive/Desktop/STM32CubeIDE_1.19.0/STM32CubeIDE/plugins/com.st.stm32cube.ide.mcu.externaltools.gnu-tools-for-stm32.13.3.rel1.win32_1.0.0.202411081344/tools/bin/../lib/gcc/arm-none-eabi/13.3.1/thumb/v7e-m+fp/hard/crti.o
 .ARM.attributes
                0x00000022       0x34 C:/Users/samru/OneDrive/Desktop/STM32CubeIDE_1.19.0/STM32CubeIDE/plugins/com.st.stm32cube.ide.mcu.externaltools.gnu-tools-for-stm32.13.3.rel1.win32_1.0.0.202411081344/tools/bin/../lib/gcc/arm-none-eabi/13.3.1/thumb/v7e-m+fp/hard/crtbegin.o
 .ARM.attributes
                0x00000056       0x34 ./Core/Src/DHT11.o
 .ARM.attributes
                0x0000008a       0x34 ./Core/Src/main.o
 .ARM.attributes
                0x000000be       0x34 ./Core/Src/my_MQ2.o
 .ARM.attributes
                0x000000f2       0x34 ./Core/Src/my_lcd.o
 .ARM.attributes
                0x00000126       0x34 ./Core/Src/stm32f4xx_hal_msp.o
 .ARM.attributes
                0x0000015a       0x34 ./Core/Src/stm32f4xx_it.o
 .ARM.attributes
                0x0000018e       0x34 ./Core/Src/sysmem.o
 .ARM.attributes
                0x000001c2       0x34 ./Core/Src/system_stm32f4xx.o
 .ARM.attributes
                0x000001f6       0x21 ./Core/Startup/startup_stm32f407vgtx.o
 .ARM.attributes
                0x00000217       0x34 ./Drivers/STM32F4xx_HAL_Driver/Src/stm32f4xx_hal.o
 .ARM.attributes
                0x0000024b       0x34 ./Drivers/STM32F4xx_HAL_Driver/Src/stm32f4xx_hal_adc.o
 .ARM.attributes
                0x0000027f       0x34 ./Drivers/STM32F4xx_HAL_Driver/Src/stm32f4xx_hal_cortex.o
 .ARM.attributes
                0x000002b3       0x34 ./Drivers/STM32F4xx_HAL_Driver/Src/stm32f4xx_hal_gpio.o
 .ARM.attributes
                0x000002e7       0x34 ./Drivers/STM32F4xx_HAL_Driver/Src/stm32f4xx_hal_i2c.o
 .ARM.attributes
                0x0000031b       0x34 ./Drivers/STM32F4xx_HAL_Driver/Src/stm32f4xx_hal_rcc.o
 .ARM.attributes
                0x0000034f       0x34 ./Drivers/STM32F4xx_HAL_Driver/Src/stm32f4xx_hal_uart.o
 .ARM.attributes
                0x00000383       0x34 C:/Users/samru/OneDrive/Desktop/STM32CubeIDE_1.19.0/STM32CubeIDE/plugins/com.st.stm32cube.ide.mcu.externaltools.gnu-tools-for-stm32.13.3.rel1.win32_1.0.0.202411081344/tools/bin/../lib/gcc/arm-none-eabi/13.3.1/../../../../arm-none-eabi/lib/thumb/v7e-m+fp/hard\libc_nano.a(libc_a-findfp.o)
 .ARM.attributes
                0x000003b7       0x34 C:/Users/samru/OneDrive/Desktop/STM32CubeIDE_1.19.0/STM32CubeIDE/plugins/com.st.stm32cube.ide.mcu.externaltools.gnu-tools-for-stm32.13.3.rel1.win32_1.0.0.202411081344/tools/bin/../lib/gcc/arm-none-eabi/13.3.1/../../../../arm-none-eabi/lib/thumb/v7e-m+fp/hard\libc_nano.a(libc_a-sprintf.o)
 .ARM.attributes
                0x000003eb       0x34 C:/Users/samru/OneDrive/Desktop/STM32CubeIDE_1.19.0/STM32CubeIDE/plugins/com.st.stm32cube.ide.mcu.externaltools.gnu-tools-for-stm32.13.3.rel1.win32_1.0.0.202411081344/tools/bin/../lib/gcc/arm-none-eabi/13.3.1/../../../../arm-none-eabi/lib/thumb/v7e-m+fp/hard\libc_nano.a(libc_a-memset.o)
 .ARM.attributes
                0x0000041f       0x34 C:/Users/samru/OneDrive/Desktop/STM32CubeIDE_1.19.0/STM32CubeIDE/plugins/com.st.stm32cube.ide.mcu.externaltools.gnu-tools-for-stm32.13.3.rel1.win32_1.0.0.202411081344/tools/bin/../lib/gcc/arm-none-eabi/13.3.1/../../../../arm-none-eabi/lib/thumb/v7e-m+fp/hard\libc_nano.a(libc_a-reent.o)
 .ARM.attributes
                0x00000453       0x34 C:/Users/samru/OneDrive/Desktop/STM32CubeIDE_1.19.0/STM32CubeIDE/plugins/com.st.stm32cube.ide.mcu.externaltools.gnu-tools-for-stm32.13.3.rel1.win32_1.0.0.202411081344/tools/bin/../lib/gcc/arm-none-eabi/13.3.1/../../../../arm-none-eabi/lib/thumb/v7e-m+fp/hard\libc_nano.a(libc_a-impure.o)
 .ARM.attributes
                0x00000487       0x34 C:/Users/samru/OneDrive/Desktop/STM32CubeIDE_1.19.0/STM32CubeIDE/plugins/com.st.stm32cube.ide.mcu.externaltools.gnu-tools-for-stm32.13.3.rel1.win32_1.0.0.202411081344/tools/bin/../lib/gcc/arm-none-eabi/13.3.1/../../../../arm-none-eabi/lib/thumb/v7e-m+fp/hard\libc_nano.a(libc_a-errno.o)
 .ARM.attributes
                0x000004bb       0x34 C:/Users/samru/OneDrive/Desktop/STM32CubeIDE_1.19.0/STM32CubeIDE/plugins/com.st.stm32cube.ide.mcu.externaltools.gnu-tools-for-stm32.13.3.rel1.win32_1.0.0.202411081344/tools/bin/../lib/gcc/arm-none-eabi/13.3.1/../../../../arm-none-eabi/lib/thumb/v7e-m+fp/hard\libc_nano.a(libc_a-init.o)
 .ARM.attributes
                0x000004ef       0x34 C:/Users/samru/OneDrive/Desktop/STM32CubeIDE_1.19.0/STM32CubeIDE/plugins/com.st.stm32cube.ide.mcu.externaltools.gnu-tools-for-stm32.13.3.rel1.win32_1.0.0.202411081344/tools/bin/../lib/gcc/arm-none-eabi/13.3.1/../../../../arm-none-eabi/lib/thumb/v7e-m+fp/hard\libc_nano.a(libc_a-lock.o)
 .ARM.attributes
                0x00000523       0x34 C:/Users/samru/OneDrive/Desktop/STM32CubeIDE_1.19.0/STM32CubeIDE/plugins/com.st.stm32cube.ide.mcu.externaltools.gnu-tools-for-stm32.13.3.rel1.win32_1.0.0.202411081344/tools/bin/../lib/gcc/arm-none-eabi/13.3.1/../../../../arm-none-eabi/lib/thumb/v7e-m+fp/hard\libc_nano.a(libc_a-freer.o)
 .ARM.attributes
                0x00000557       0x34 C:/Users/samru/OneDrive/Desktop/STM32CubeIDE_1.19.0/STM32CubeIDE/plugins/com.st.stm32cube.ide.mcu.externaltools.gnu-tools-for-stm32.13.3.rel1.win32_1.0.0.202411081344/tools/bin/../lib/gcc/arm-none-eabi/13.3.1/../../../../arm-none-eabi/lib/thumb/v7e-m+fp/hard\libc_nano.a(libc_a-mallocr.o)
 .ARM.attributes
                0x0000058b       0x34 C:/Users/samru/OneDrive/Desktop/STM32CubeIDE_1.19.0/STM32CubeIDE/plugins/com.st.stm32cube.ide.mcu.externaltools.gnu-tools-for-stm32.13.3.rel1.win32_1.0.0.202411081344/tools/bin/../lib/gcc/arm-none-eabi/13.3.1/../../../../arm-none-eabi/lib/thumb/v7e-m+fp/hard\libc_nano.a(libc_a-mlock.o)
 .ARM.attributes
                0x000005bf       0x34 C:/Users/samru/OneDrive/Desktop/STM32CubeIDE_1.19.0/STM32CubeIDE/plugins/com.st.stm32cube.ide.mcu.externaltools.gnu-tools-for-stm32.13.3.rel1.win32_1.0.0.202411081344/tools/bin/../lib/gcc/arm-none-eabi/13.3.1/../../../../arm-none-eabi/lib/thumb/v7e-m+fp/hard\libc_nano.a(libc_a-nano-svfprintf.o)
 .ARM.attributes
                0x000005f3       0x34 C:/Users/samru/OneDrive/Desktop/STM32CubeIDE_1.19.0/STM32CubeIDE/plugins/com.st.stm32cube.ide.mcu.externaltools.gnu-tools-for-stm32.13.3.rel1.win32_1.0.0.202411081344/tools/bin/../lib/gcc/arm-none-eabi/13.3.1/../../../../arm-none-eabi/lib/thumb/v7e-m+fp/hard\libc_nano.a(libc_a-nano-vfprintf_i.o)
 .ARM.attributes
                0x00000627       0x34 C:/Users/samru/OneDrive/Desktop/STM32CubeIDE_1.19.0/STM32CubeIDE/plugins/com.st.stm32cube.ide.mcu.externaltools.gnu-tools-for-stm32.13.3.rel1.win32_1.0.0.202411081344/tools/bin/../lib/gcc/arm-none-eabi/13.3.1/../../../../arm-none-eabi/lib/thumb/v7e-m+fp/hard\libc_nano.a(libc_a-memmove.o)
 .ARM.attributes
                0x0000065b       0x34 C:/Users/samru/OneDrive/Desktop/STM32CubeIDE_1.19.0/STM32CubeIDE/plugins/com.st.stm32cube.ide.mcu.externaltools.gnu-tools-for-stm32.13.3.rel1.win32_1.0.0.202411081344/tools/bin/../lib/gcc/arm-none-eabi/13.3.1/../../../../arm-none-eabi/lib/thumb/v7e-m+fp/hard\libc_nano.a(libc_a-sbrkr.o)
 .ARM.attributes
                0x0000068f       0x1c C:/Users/samru/OneDrive/Desktop/STM32CubeIDE_1.19.0/STM32CubeIDE/plugins/com.st.stm32cube.ide.mcu.externaltools.gnu-tools-for-stm32.13.3.rel1.win32_1.0.0.202411081344/tools/bin/../lib/gcc/arm-none-eabi/13.3.1/../../../../arm-none-eabi/lib/thumb/v7e-m+fp/hard\libc_nano.a(libc_a-memchr.o)
 .ARM.attributes
                0x000006ab       0x34 C:/Users/samru/OneDrive/Desktop/STM32CubeIDE_1.19.0/STM32CubeIDE/plugins/com.st.stm32cube.ide.mcu.externaltools.gnu-tools-for-stm32.13.3.rel1.win32_1.0.0.202411081344/tools/bin/../lib/gcc/arm-none-eabi/13.3.1/../../../../arm-none-eabi/lib/thumb/v7e-m+fp/hard\libc_nano.a(libc_a-memcpy-stub.o)
 .ARM.attributes
                0x000006df       0x34 C:/Users/samru/OneDrive/Desktop/STM32CubeIDE_1.19.0/STM32CubeIDE/plugins/com.st.stm32cube.ide.mcu.externaltools.gnu-tools-for-stm32.13.3.rel1.win32_1.0.0.202411081344/tools/bin/../lib/gcc/arm-none-eabi/13.3.1/../../../../arm-none-eabi/lib/thumb/v7e-m+fp/hard\libc_nano.a(libc_a-reallocr.o)
 .ARM.attributes
                0x00000713       0x34 C:/Users/samru/OneDrive/Desktop/STM32CubeIDE_1.19.0/STM32CubeIDE/plugins/com.st.stm32cube.ide.mcu.externaltools.gnu-tools-for-stm32.13.3.rel1.win32_1.0.0.202411081344/tools/bin/../lib/gcc/arm-none-eabi/13.3.1/../../../../arm-none-eabi/lib/thumb/v7e-m+fp/hard\libc_nano.a(libc_a-msizer.o)
 .ARM.attributes
                0x00000747       0x22 C:/Users/samru/OneDrive/Desktop/STM32CubeIDE_1.19.0/STM32CubeIDE/plugins/com.st.stm32cube.ide.mcu.externaltools.gnu-tools-for-stm32.13.3.rel1.win32_1.0.0.202411081344/tools/bin/../lib/gcc/arm-none-eabi/13.3.1/thumb/v7e-m+fp/hard\libgcc.a(_aeabi_uldivmod.o)
 .ARM.attributes
                0x00000769       0x34 C:/Users/samru/OneDrive/Desktop/STM32CubeIDE_1.19.0/STM32CubeIDE/plugins/com.st.stm32cube.ide.mcu.externaltools.gnu-tools-for-stm32.13.3.rel1.win32_1.0.0.202411081344/tools/bin/../lib/gcc/arm-none-eabi/13.3.1/thumb/v7e-m+fp/hard\libgcc.a(_udivmoddi4.o)
 .ARM.attributes
                0x0000079d       0x22 C:/Users/samru/OneDrive/Desktop/STM32CubeIDE_1.19.0/STM32CubeIDE/plugins/com.st.stm32cube.ide.mcu.externaltools.gnu-tools-for-stm32.13.3.rel1.win32_1.0.0.202411081344/tools/bin/../lib/gcc/arm-none-eabi/13.3.1/thumb/v7e-m+fp/hard\libgcc.a(_dvmd_tls.o)
 .ARM.attributes
                0x000007bf       0x22 C:/Users/samru/OneDrive/Desktop/STM32CubeIDE_1.19.0/STM32CubeIDE/plugins/com.st.stm32cube.ide.mcu.externaltools.gnu-tools-for-stm32.13.3.rel1.win32_1.0.0.202411081344/tools/bin/../lib/gcc/arm-none-eabi/13.3.1/thumb/v7e-m+fp/hard/crtn.o
OUTPUT(Final_Project.elf elf32-littlearm)
LOAD linker stubs
LOAD C:/Users/samru/OneDrive/Desktop/STM32CubeIDE_1.19.0/STM32CubeIDE/plugins/com.st.stm32cube.ide.mcu.externaltools.gnu-tools-for-stm32.13.3.rel1.win32_1.0.0.202411081344/tools/bin/../lib/gcc/arm-none-eabi/13.3.1/../../../../arm-none-eabi/lib/thumb/v7e-m+fp/hard\libc.a
LOAD C:/Users/samru/OneDrive/Desktop/STM32CubeIDE_1.19.0/STM32CubeIDE/plugins/com.st.stm32cube.ide.mcu.externaltools.gnu-tools-for-stm32.13.3.rel1.win32_1.0.0.202411081344/tools/bin/../lib/gcc/arm-none-eabi/13.3.1/../../../../arm-none-eabi/lib/thumb/v7e-m+fp/hard\libm.a
LOAD C:/Users/samru/OneDrive/Desktop/STM32CubeIDE_1.19.0/STM32CubeIDE/plugins/com.st.stm32cube.ide.mcu.externaltools.gnu-tools-for-stm32.13.3.rel1.win32_1.0.0.202411081344/tools/bin/../lib/gcc/arm-none-eabi/13.3.1/thumb/v7e-m+fp/hard\libgcc.a

.debug_info     0x00000000     0xc8fc
 .debug_info    0x00000000      0xa82 ./Core/Src/DHT11.o
 .debug_info    0x00000a82     0x12d4 ./Core/Src/main.o
 .debug_info    0x00001d56      0x658 ./Core/Src/my_MQ2.o
 .debug_info    0x000023ae      0x7f7 ./Core/Src/my_lcd.o
 .debug_info    0x00002ba5      0xefe ./Core/Src/stm32f4xx_hal_msp.o
 .debug_info    0x00003aa3      0x112 ./Core/Src/stm32f4xx_it.o
 .debug_info    0x00003bb5      0x168 ./Core/Src/sysmem.o
 .debug_info    0x00003d1d      0x512 ./Core/Src/system_stm32f4xx.o
 .debug_info    0x0000422f       0x30 ./Core/Startup/startup_stm32f407vgtx.o
 .debug_info    0x0000425f      0x944 ./Drivers/STM32F4xx_HAL_Driver/Src/stm32f4xx_hal.o
 .debug_info    0x00004ba3      0xce3 ./Drivers/STM32F4xx_HAL_Driver/Src/stm32f4xx_hal_adc.o
 .debug_info    0x00005886      0xd8c ./Drivers/STM32F4xx_HAL_Driver/Src/stm32f4xx_hal_cortex.o
 .debug_info    0x00006612      0x6c3 ./Drivers/STM32F4xx_HAL_Driver/Src/stm32f4xx_hal_gpio.o
 .debug_info    0x00006cd5     0x2415 ./Drivers/STM32F4xx_HAL_Driver/Src/stm32f4xx_hal_i2c.o
 .debug_info    0x000090ea      0x8c3 ./Drivers/STM32F4xx_HAL_Driver/Src/stm32f4xx_hal_rcc.o
 .debug_info    0x000099ad     0x2f4f ./Drivers/STM32F4xx_HAL_Driver/Src/stm32f4xx_hal_uart.o

.debug_abbrev   0x00000000     0x1e99
 .debug_abbrev  0x00000000      0x26b ./Core/Src/DHT11.o
 .debug_abbrev  0x0000026b      0x2b7 ./Core/Src/main.o
 .debug_abbrev  0x00000522      0x18c ./Core/Src/my_MQ2.o
 .debug_abbrev  0x000006ae      0x1f3 ./Core/Src/my_lcd.o
 .debug_abbrev  0x000008a1      0x1c2 ./Core/Src/stm32f4xx_hal_msp.o
 .debug_abbrev  0x00000a63       0x73 ./Core/Src/stm32f4xx_it.o
 .debug_abbrev  0x00000ad6       0xbc ./Core/Src/sysmem.o
 .debug_abbrev  0x00000b92      0x11a ./Core/Src/system_stm32f4xx.o
 .debug_abbrev  0x00000cac       0x24 ./Core/Startup/startup_stm32f407vgtx.o
 .debug_abbrev  0x00000cd0      0x214 ./Drivers/STM32F4xx_HAL_Driver/Src/stm32f4xx_hal.o
 .debug_abbrev  0x00000ee4      0x252 ./Drivers/STM32F4xx_HAL_Driver/Src/stm32f4xx_hal_adc.o
 .debug_abbrev  0x00001136      0x31d ./Drivers/STM32F4xx_HAL_Driver/Src/stm32f4xx_hal_cortex.o
 .debug_abbrev  0x00001453      0x1d4 ./Drivers/STM32F4xx_HAL_Driver/Src/stm32f4xx_hal_gpio.o
 .debug_abbrev  0x00001627      0x2ad ./Drivers/STM32F4xx_HAL_Driver/Src/stm32f4xx_hal_i2c.o
 .debug_abbrev  0x000018d4      0x2b7 ./Drivers/STM32F4xx_HAL_Driver/Src/stm32f4xx_hal_rcc.o
 .debug_abbrev  0x00001b8b      0x30e ./Drivers/STM32F4xx_HAL_Driver/Src/stm32f4xx_hal_uart.o

.debug_aranges  0x00000000      0xad8
 .debug_aranges
                0x00000000       0x50 ./Core/Src/DHT11.o
 .debug_aranges
                0x00000050       0x50 ./Core/Src/main.o
 .debug_aranges
                0x000000a0       0x28 ./Core/Src/my_MQ2.o
 .debug_aranges
                0x000000c8       0x58 ./Core/Src/my_lcd.o
 .debug_aranges
                0x00000120       0x50 ./Core/Src/stm32f4xx_hal_msp.o
 .debug_aranges
                0x00000170       0x60 ./Core/Src/stm32f4xx_it.o
 .debug_aranges
                0x000001d0       0x20 ./Core/Src/sysmem.o
 .debug_aranges
                0x000001f0       0x28 ./Core/Src/system_stm32f4xx.o
 .debug_aranges
                0x00000218       0x28 ./Core/Startup/startup_stm32f407vgtx.o
 .debug_aranges
                0x00000240       0xf0 ./Drivers/STM32F4xx_HAL_Driver/Src/stm32f4xx_hal.o
 .debug_aranges
                0x00000330       0xe8 ./Drivers/STM32F4xx_HAL_Driver/Src/stm32f4xx_hal_adc.o
 .debug_aranges
                0x00000418      0x130 ./Drivers/STM32F4xx_HAL_Driver/Src/stm32f4xx_hal_cortex.o
 .debug_aranges
                0x00000548       0x58 ./Drivers/STM32F4xx_HAL_Driver/Src/stm32f4xx_hal_gpio.o
 .debug_aranges
                0x000005a0      0x2a8 ./Drivers/STM32F4xx_HAL_Driver/Src/stm32f4xx_hal_i2c.o
 .debug_aranges
                0x00000848       0x88 ./Drivers/STM32F4xx_HAL_Driver/Src/stm32f4xx_hal_rcc.o
 .debug_aranges
                0x000008d0      0x208 ./Drivers/STM32F4xx_HAL_Driver/Src/stm32f4xx_hal_uart.o

.debug_rnglists
                0x00000000      0x86e
 .debug_rnglists
                0x00000000       0x38 ./Core/Src/DHT11.o
 .debug_rnglists
                0x00000038       0x3b ./Core/Src/main.o
 .debug_rnglists
                0x00000073       0x19 ./Core/Src/my_MQ2.o
 .debug_rnglists
                0x0000008c       0x3e ./Core/Src/my_lcd.o
 .debug_rnglists
                0x000000ca       0x3a ./Core/Src/stm32f4xx_hal_msp.o
 .debug_rnglists
                0x00000104       0x43 ./Core/Src/stm32f4xx_it.o
 .debug_rnglists
                0x00000147       0x13 ./Core/Src/sysmem.o
 .debug_rnglists
                0x0000015a       0x1a ./Core/Src/system_stm32f4xx.o
 .debug_rnglists
                0x00000174       0x19 ./Core/Startup/startup_stm32f407vgtx.o
 .debug_rnglists
                0x0000018d       0xaf ./Drivers/STM32F4xx_HAL_Driver/Src/stm32f4xx_hal.o
 .debug_rnglists
                0x0000023c       0xb5 ./Drivers/STM32F4xx_HAL_Driver/Src/stm32f4xx_hal_adc.o
 .debug_rnglists
                0x000002f1       0xe0 ./Drivers/STM32F4xx_HAL_Driver/Src/stm32f4xx_hal_cortex.o
 .debug_rnglists
                0x000003d1       0x3f ./Drivers/STM32F4xx_HAL_Driver/Src/stm32f4xx_hal_gpio.o
 .debug_rnglists
                0x00000410      0x23c ./Drivers/STM32F4xx_HAL_Driver/Src/stm32f4xx_hal_i2c.o
 .debug_rnglists
                0x0000064c       0x66 ./Drivers/STM32F4xx_HAL_Driver/Src/stm32f4xx_hal_rcc.o
 .debug_rnglists
                0x000006b2      0x1bc ./Drivers/STM32F4xx_HAL_Driver/Src/stm32f4xx_hal_uart.o

.debug_macro    0x00000000    0x2239b
 .debug_macro   0x00000000      0x219 ./Core/Src/DHT11.o
 .debug_macro   0x00000219      0xad8 ./Core/Src/DHT11.o
 .debug_macro   0x00000cf1       0x2f ./Core/Src/DHT11.o
 .debug_macro   0x00000d20       0x22 ./Core/Src/DHT11.o
 .debug_macro   0x00000d42       0x8e ./Core/Src/DHT11.o
 .debug_macro   0x00000dd0       0x51 ./Core/Src/DHT11.o
 .debug_macro   0x00000e21      0x103 ./Core/Src/DHT11.o
 .debug_macro   0x00000f24       0x6a ./Core/Src/DHT11.o
 .debug_macro   0x00000f8e      0x1df ./Core/Src/DHT11.o
 .debug_macro   0x0000116d       0x1c ./Core/Src/DHT11.o
 .debug_macro   0x00001189       0x22 ./Core/Src/DHT11.o
 .debug_macro   0x000011ab       0xfb ./Core/Src/DHT11.o
 .debug_macro   0x000012a6     0x1011 ./Core/Src/DHT11.o
 .debug_macro   0x000022b7      0x11f ./Core/Src/DHT11.o
 .debug_macro   0x000023d6    0x15ea5 ./Core/Src/DHT11.o
 .debug_macro   0x0001827b       0x10 ./Core/Src/DHT11.o
 .debug_macro   0x0001828b      0x2a1 ./Core/Src/DHT11.o
 .debug_macro   0x0001852c       0x2e ./Core/Src/DHT11.o
 .debug_macro   0x0001855a       0x6d ./Core/Src/DHT11.o
 .debug_macro   0x000185c7     0x3693 ./Core/Src/DHT11.o
 .debug_macro   0x0001bc5a      0x190 ./Core/Src/DHT11.o
 .debug_macro   0x0001bdea       0x5c ./Core/Src/DHT11.o
 .debug_macro   0x0001be46      0x980 ./Core/Src/DHT11.o
 .debug_macro   0x0001c7c6      0x9e9 ./Core/Src/DHT11.o
 .debug_macro   0x0001d1af      0x115 ./Core/Src/DHT11.o
 .debug_macro   0x0001d2c4      0x13e ./Core/Src/DHT11.o
 .debug_macro   0x0001d402       0xa5 ./Core/Src/DHT11.o
 .debug_macro   0x0001d4a7      0x174 ./Core/Src/DHT11.o
 .debug_macro   0x0001d61b      0x287 ./Core/Src/DHT11.o
 .debug_macro   0x0001d8a2       0x5f ./Core/Src/DHT11.o
 .debug_macro   0x0001d901      0x236 ./Core/Src/DHT11.o
 .debug_macro   0x0001db37      0xb5b ./Core/Src/DHT11.o
 .debug_macro   0x0001e692      0x38b ./Core/Src/DHT11.o
 .debug_macro   0x0001ea1d      0x176 ./Core/Src/DHT11.o
 .debug_macro   0x0001eb93       0xf9 ./Core/Src/DHT11.o
 .debug_macro   0x0001ec8c      0x12c ./Core/Src/DHT11.o
 .debug_macro   0x0001edb8      0x21e ./Core/Src/DHT11.o
 .debug_macro   0x0001efd6       0x2e ./Core/Src/DHT11.o
 .debug_macro   0x0001f004      0x1b5 ./Core/Src/DHT11.o
 .debug_macro   0x0001f1b9       0xd6 ./Core/Src/DHT11.o
 .debug_macro   0x0001f28f      0x127 ./Core/Src/DHT11.o
 .debug_macro   0x0001f3b6       0x7e ./Core/Src/DHT11.o
 .debug_macro   0x0001f434       0x89 ./Core/Src/DHT11.o
 .debug_macro   0x0001f4bd      0x2aa ./Core/Src/DHT11.o
 .debug_macro   0x0001f767      0x12d ./Core/Src/DHT11.o
 .debug_macro   0x0001f894      0x347 ./Core/Src/main.o
 .debug_macro   0x0001fbdb       0x22 ./Core/Src/main.o
 .debug_macro   0x0001fbfd       0x52 ./Core/Src/main.o
 .debug_macro   0x0001fc4f       0x61 ./Core/Src/main.o
 .debug_macro   0x0001fcb0       0x2a ./Core/Src/main.o
 .debug_macro   0x0001fcda       0x43 ./Core/Src/main.o
 .debug_macro   0x0001fd1d       0x34 ./Core/Src/main.o
 .debug_macro   0x0001fd51       0x16 ./Core/Src/main.o
 .debug_macro   0x0001fd67       0x3c ./Core/Src/main.o
 .debug_macro   0x0001fda3      0x370 ./Core/Src/main.o
 .debug_macro   0x00020113       0x10 ./Core/Src/main.o
 .debug_macro   0x00020123       0x16 ./Core/Src/main.o
 .debug_macro   0x00020139       0x4a ./Core/Src/main.o
 .debug_macro   0x00020183       0x34 ./Core/Src/main.o
 .debug_macro   0x000201b7       0x10 ./Core/Src/main.o
 .debug_macro   0x000201c7       0x58 ./Core/Src/main.o
 .debug_macro   0x0002021f       0x8e ./Core/Src/main.o
 .debug_macro   0x000202ad       0x1c ./Core/Src/main.o
 .debug_macro   0x000202c9      0x185 ./Core/Src/main.o
 .debug_macro   0x0002044e       0x16 ./Core/Src/main.o
 .debug_macro   0x00020464       0x16 ./Core/Src/main.o
 .debug_macro   0x0002047a      0x146 ./Core/Src/main.o
 .debug_macro   0x000205c0       0x16 ./Core/Src/main.o
 .debug_macro   0x000205d6       0x20 ./Core/Src/main.o
 .debug_macro   0x000205f6      0x20c ./Core/Src/my_MQ2.o
 .debug_macro   0x00020802      0x32f ./Core/Src/my_lcd.o
 .debug_macro   0x00020b31       0x4c ./Core/Src/my_lcd.o
 .debug_macro   0x00020b7d      0x206 ./Core/Src/stm32f4xx_hal_msp.o
 .debug_macro   0x00020d83      0x210 ./Core/Src/stm32f4xx_it.o
 .debug_macro   0x00020f93      0x112 ./Core/Src/sysmem.o
 .debug_macro   0x000210a5      0x23c ./Core/Src/sysmem.o
 .debug_macro   0x000212e1      0x1fc ./Core/Src/system_stm32f4xx.o
 .debug_macro   0x000214dd      0x25c ./Drivers/STM32F4xx_HAL_Driver/Src/stm32f4xx_hal.o
 .debug_macro   0x00021739      0x1fd ./Drivers/STM32F4xx_HAL_Driver/Src/stm32f4xx_hal_adc.o
 .debug_macro   0x00021936      0x1fc ./Drivers/STM32F4xx_HAL_Driver/Src/stm32f4xx_hal_cortex.o
 .debug_macro   0x00021b32      0x202 ./Drivers/STM32F4xx_HAL_Driver/Src/stm32f4xx_hal_gpio.o
 .debug_macro   0x00021d34      0x24a ./Drivers/STM32F4xx_HAL_Driver/Src/stm32f4xx_hal_i2c.o
 .debug_macro   0x00021f7e      0x220 ./Drivers/STM32F4xx_HAL_Driver/Src/stm32f4xx_hal_rcc.o
 .debug_macro   0x0002219e      0x1fd ./Drivers/STM32F4xx_HAL_Driver/Src/stm32f4xx_hal_uart.o

.debug_line     0x00000000     0xe8ce
 .debug_line    0x00000000      0x924 ./Core/Src/DHT11.o
 .debug_line    0x00000924      0xb33 ./Core/Src/main.o
 .debug_line    0x00001457      0x786 ./Core/Src/my_MQ2.o
 .debug_line    0x00001bdd      0xa22 ./Core/Src/my_lcd.o
 .debug_line    0x000025ff      0x848 ./Core/Src/stm32f4xx_hal_msp.o
 .debug_line    0x00002e47      0x814 ./Core/Src/stm32f4xx_it.o
 .debug_line    0x0000365b      0x57a ./Core/Src/sysmem.o
 .debug_line    0x00003bd5      0x7db ./Core/Src/system_stm32f4xx.o
 .debug_line    0x000043b0       0x7a ./Core/Startup/startup_stm32f407vgtx.o
 .debug_line    0x0000442a      0xa57 ./Drivers/STM32F4xx_HAL_Driver/Src/stm32f4xx_hal.o
 .debug_line    0x00004e81     0x126e ./Drivers/STM32F4xx_HAL_Driver/Src/stm32f4xx_hal_adc.o
 .debug_line    0x000060ef      0xd27 ./Drivers/STM32F4xx_HAL_Driver/Src/stm32f4xx_hal_cortex.o
 .debug_line    0x00006e16      0xbaf ./Drivers/STM32F4xx_HAL_Driver/Src/stm32f4xx_hal_gpio.o
 .debug_line    0x000079c5     0x3b04 ./Drivers/STM32F4xx_HAL_Driver/Src/stm32f4xx_hal_i2c.o
 .debug_line    0x0000b4c9      0xe66 ./Drivers/STM32F4xx_HAL_Driver/Src/stm32f4xx_hal_rcc.o
 .debug_line    0x0000c32f     0x259f ./Drivers/STM32F4xx_HAL_Driver/Src/stm32f4xx_hal_uart.o

.debug_str      0x00000000    0xd1f1e
 .debug_str     0x00000000    0xd1f1e ./Core/Src/DHT11.o
                              0xcb284 (size before relaxing)
 .debug_str     0x000d1f1e    0xcf24c ./Core/Src/main.o
 .debug_str     0x000d1f1e    0xcafe0 ./Core/Src/my_MQ2.o
 .debug_str     0x000d1f1e    0xcec4c ./Core/Src/my_lcd.o
 .debug_str     0x000d1f1e    0xcb5e4 ./Core/Src/stm32f4xx_hal_msp.o
 .debug_str     0x000d1f1e    0xcabe9 ./Core/Src/stm32f4xx_it.o
 .debug_str     0x000d1f1e     0x7764 ./Core/Src/sysmem.o
 .debug_str     0x000d1f1e    0xcad13 ./Core/Src/system_stm32f4xx.o
 .debug_str     0x000d1f1e       0x66 ./Core/Startup/startup_stm32f407vgtx.o
 .debug_str     0x000d1f1e    0xcb897 ./Drivers/STM32F4xx_HAL_Driver/Src/stm32f4xx_hal.o
 .debug_str     0x000d1f1e    0xcb300 ./Drivers/STM32F4xx_HAL_Driver/Src/stm32f4xx_hal_adc.o
 .debug_str     0x000d1f1e    0xcb613 ./Drivers/STM32F4xx_HAL_Driver/Src/stm32f4xx_hal_cortex.o
 .debug_str     0x000d1f1e    0xcae8e ./Drivers/STM32F4xx_HAL_Driver/Src/stm32f4xx_hal_gpio.o
 .debug_str     0x000d1f1e    0xcbd31 ./Drivers/STM32F4xx_HAL_Driver/Src/stm32f4xx_hal_i2c.o
 .debug_str     0x000d1f1e    0xcb147 ./Drivers/STM32F4xx_HAL_Driver/Src/stm32f4xx_hal_rcc.o
 .debug_str     0x000d1f1e    0xcb728 ./Drivers/STM32F4xx_HAL_Driver/Src/stm32f4xx_hal_uart.o

.comment        0x00000000       0x43
 .comment       0x00000000       0x43 ./Core/Src/DHT11.o
                                 0x44 (size before relaxing)
 .comment       0x00000043       0x44 ./Core/Src/main.o
 .comment       0x00000043       0x44 ./Core/Src/my_MQ2.o
 .comment       0x00000043       0x44 ./Core/Src/my_lcd.o
 .comment       0x00000043       0x44 ./Core/Src/stm32f4xx_hal_msp.o
 .comment       0x00000043       0x44 ./Core/Src/stm32f4xx_it.o
 .comment       0x00000043       0x44 ./Core/Src/sysmem.o
 .comment       0x00000043       0x44 ./Core/Src/system_stm32f4xx.o
 .comment       0x00000043       0x44 ./Drivers/STM32F4xx_HAL_Driver/Src/stm32f4xx_hal.o
 .comment       0x00000043       0x44 ./Drivers/STM32F4xx_HAL_Driver/Src/stm32f4xx_hal_adc.o
 .comment       0x00000043       0x44 ./Drivers/STM32F4xx_HAL_Driver/Src/stm32f4xx_hal_cortex.o
 .comment       0x00000043       0x44 ./Drivers/STM32F4xx_HAL_Driver/Src/stm32f4xx_hal_gpio.o
 .comment       0x00000043       0x44 ./Drivers/STM32F4xx_HAL_Driver/Src/stm32f4xx_hal_i2c.o
 .comment       0x00000043       0x44 ./Drivers/STM32F4xx_HAL_Driver/Src/stm32f4xx_hal_rcc.o
 .comment       0x00000043       0x44 ./Drivers/STM32F4xx_HAL_Driver/Src/stm32f4xx_hal_uart.o

.debug_frame    0x00000000     0x3188
 .debug_frame   0x00000000      0x108 ./Core/Src/DHT11.o
 .debug_frame   0x00000108       0xec ./Core/Src/main.o
 .debug_frame   0x000001f4       0x5c ./Core/Src/my_MQ2.o
 .debug_frame   0x00000250      0x120 ./Core/Src/my_lcd.o
 .debug_frame   0x00000370      0x10c ./Core/Src/stm32f4xx_hal_msp.o
 .debug_frame   0x0000047c      0x104 ./Core/Src/stm32f4xx_it.o
 .debug_frame   0x00000580       0x34 ./Core/Src/sysmem.o
 .debug_frame   0x000005b4       0x58 ./Core/Src/system_stm32f4xx.o
 .debug_frame   0x0000060c      0x374 ./Drivers/STM32F4xx_HAL_Driver/Src/stm32f4xx_hal.o
 .debug_frame   0x00000980      0x3fc ./Drivers/STM32F4xx_HAL_Driver/Src/stm32f4xx_hal_adc.o
 .debug_frame   0x00000d7c      0x508 ./Drivers/STM32F4xx_HAL_Driver/Src/stm32f4xx_hal_cortex.o
 .debug_frame   0x00001284      0x14c ./Drivers/STM32F4xx_HAL_Driver/Src/stm32f4xx_hal_gpio.o
 .debug_frame   0x000013d0      0xc84 ./Drivers/STM32F4xx_HAL_Driver/Src/stm32f4xx_hal_i2c.o
 .debug_frame   0x00002054      0x1f4 ./Drivers/STM32F4xx_HAL_Driver/Src/stm32f4xx_hal_rcc.o
 .debug_frame   0x00002248      0x954 ./Drivers/STM32F4xx_HAL_Driver/Src/stm32f4xx_hal_uart.o
 .debug_frame   0x00002b9c      0x144 C:/Users/samru/OneDrive/Desktop/STM32CubeIDE_1.19.0/STM32CubeIDE/plugins/com.st.stm32cube.ide.mcu.externaltools.gnu-tools-for-stm32.13.3.rel1.win32_1.0.0.202411081344/tools/bin/../lib/gcc/arm-none-eabi/13.3.1/../../../../arm-none-eabi/lib/thumb/v7e-m+fp/hard\libc_nano.a(libc_a-findfp.o)
 .debug_frame   0x00002ce0       0x74 C:/Users/samru/OneDrive/Desktop/STM32CubeIDE_1.19.0/STM32CubeIDE/plugins/com.st.stm32cube.ide.mcu.externaltools.gnu-tools-for-stm32.13.3.rel1.win32_1.0.0.202411081344/tools/bin/../lib/gcc/arm-none-eabi/13.3.1/../../../../arm-none-eabi/lib/thumb/v7e-m+fp/hard\libc_nano.a(libc_a-sprintf.o)
 .debug_frame   0x00002d54       0x20 C:/Users/samru/OneDrive/Desktop/STM32CubeIDE_1.19.0/STM32CubeIDE/plugins/com.st.stm32cube.ide.mcu.externaltools.gnu-tools-for-stm32.13.3.rel1.win32_1.0.0.202411081344/tools/bin/../lib/gcc/arm-none-eabi/13.3.1/../../../../arm-none-eabi/lib/thumb/v7e-m+fp/hard\libc_nano.a(libc_a-memset.o)
 .debug_frame   0x00002d74       0x38 C:/Users/samru/OneDrive/Desktop/STM32CubeIDE_1.19.0/STM32CubeIDE/plugins/com.st.stm32cube.ide.mcu.externaltools.gnu-tools-for-stm32.13.3.rel1.win32_1.0.0.202411081344/tools/bin/../lib/gcc/arm-none-eabi/13.3.1/../../../../arm-none-eabi/lib/thumb/v7e-m+fp/hard\libc_nano.a(libc_a-reent.o)
 .debug_frame   0x00002dac       0x20 C:/Users/samru/OneDrive/Desktop/STM32CubeIDE_1.19.0/STM32CubeIDE/plugins/com.st.stm32cube.ide.mcu.externaltools.gnu-tools-for-stm32.13.3.rel1.win32_1.0.0.202411081344/tools/bin/../lib/gcc/arm-none-eabi/13.3.1/../../../../arm-none-eabi/lib/thumb/v7e-m+fp/hard\libc_nano.a(libc_a-errno.o)
 .debug_frame   0x00002dcc       0x2c C:/Users/samru/OneDrive/Desktop/STM32CubeIDE_1.19.0/STM32CubeIDE/plugins/com.st.stm32cube.ide.mcu.externaltools.gnu-tools-for-stm32.13.3.rel1.win32_1.0.0.202411081344/tools/bin/../lib/gcc/arm-none-eabi/13.3.1/../../../../arm-none-eabi/lib/thumb/v7e-m+fp/hard\libc_nano.a(libc_a-init.o)
 .debug_frame   0x00002df8       0xb0 C:/Users/samru/OneDrive/Desktop/STM32CubeIDE_1.19.0/STM32CubeIDE/plugins/com.st.stm32cube.ide.mcu.externaltools.gnu-tools-for-stm32.13.3.rel1.win32_1.0.0.202411081344/tools/bin/../lib/gcc/arm-none-eabi/13.3.1/../../../../arm-none-eabi/lib/thumb/v7e-m+fp/hard\libc_nano.a(libc_a-lock.o)
 .debug_frame   0x00002ea8       0x38 C:/Users/samru/OneDrive/Desktop/STM32CubeIDE_1.19.0/STM32CubeIDE/plugins/com.st.stm32cube.ide.mcu.externaltools.gnu-tools-for-stm32.13.3.rel1.win32_1.0.0.202411081344/tools/bin/../lib/gcc/arm-none-eabi/13.3.1/../../../../arm-none-eabi/lib/thumb/v7e-m+fp/hard\libc_nano.a(libc_a-freer.o)
 .debug_frame   0x00002ee0       0x50 C:/Users/samru/OneDrive/Desktop/STM32CubeIDE_1.19.0/STM32CubeIDE/plugins/com.st.stm32cube.ide.mcu.externaltools.gnu-tools-for-stm32.13.3.rel1.win32_1.0.0.202411081344/tools/bin/../lib/gcc/arm-none-eabi/13.3.1/../../../../arm-none-eabi/lib/thumb/v7e-m+fp/hard\libc_nano.a(libc_a-mallocr.o)
 .debug_frame   0x00002f30       0x30 C:/Users/samru/OneDrive/Desktop/STM32CubeIDE_1.19.0/STM32CubeIDE/plugins/com.st.stm32cube.ide.mcu.externaltools.gnu-tools-for-stm32.13.3.rel1.win32_1.0.0.202411081344/tools/bin/../lib/gcc/arm-none-eabi/13.3.1/../../../../arm-none-eabi/lib/thumb/v7e-m+fp/hard\libc_nano.a(libc_a-mlock.o)
 .debug_frame   0x00002f60       0x90 C:/Users/samru/OneDrive/Desktop/STM32CubeIDE_1.19.0/STM32CubeIDE/plugins/com.st.stm32cube.ide.mcu.externaltools.gnu-tools-for-stm32.13.3.rel1.win32_1.0.0.202411081344/tools/bin/../lib/gcc/arm-none-eabi/13.3.1/../../../../arm-none-eabi/lib/thumb/v7e-m+fp/hard\libc_nano.a(libc_a-nano-svfprintf.o)
 .debug_frame   0x00002ff0       0x60 C:/Users/samru/OneDrive/Desktop/STM32CubeIDE_1.19.0/STM32CubeIDE/plugins/com.st.stm32cube.ide.mcu.externaltools.gnu-tools-for-stm32.13.3.rel1.win32_1.0.0.202411081344/tools/bin/../lib/gcc/arm-none-eabi/13.3.1/../../../../arm-none-eabi/lib/thumb/v7e-m+fp/hard\libc_nano.a(libc_a-nano-vfprintf_i.o)
 .debug_frame   0x00003050       0x28 C:/Users/samru/OneDrive/Desktop/STM32CubeIDE_1.19.0/STM32CubeIDE/plugins/com.st.stm32cube.ide.mcu.externaltools.gnu-tools-for-stm32.13.3.rel1.win32_1.0.0.202411081344/tools/bin/../lib/gcc/arm-none-eabi/13.3.1/../../../../arm-none-eabi/lib/thumb/v7e-m+fp/hard\libc_nano.a(libc_a-memmove.o)
 .debug_frame   0x00003078       0x2c C:/Users/samru/OneDrive/Desktop/STM32CubeIDE_1.19.0/STM32CubeIDE/plugins/com.st.stm32cube.ide.mcu.externaltools.gnu-tools-for-stm32.13.3.rel1.win32_1.0.0.202411081344/tools/bin/../lib/gcc/arm-none-eabi/13.3.1/../../../../arm-none-eabi/lib/thumb/v7e-m+fp/hard\libc_nano.a(libc_a-sbrkr.o)
 .debug_frame   0x000030a4       0x28 C:/Users/samru/OneDrive/Desktop/STM32CubeIDE_1.19.0/STM32CubeIDE/plugins/com.st.stm32cube.ide.mcu.externaltools.gnu-tools-for-stm32.13.3.rel1.win32_1.0.0.202411081344/tools/bin/../lib/gcc/arm-none-eabi/13.3.1/../../../../arm-none-eabi/lib/thumb/v7e-m+fp/hard\libc_nano.a(libc_a-memcpy-stub.o)
 .debug_frame   0x000030cc       0x3c C:/Users/samru/OneDrive/Desktop/STM32CubeIDE_1.19.0/STM32CubeIDE/plugins/com.st.stm32cube.ide.mcu.externaltools.gnu-tools-for-stm32.13.3.rel1.win32_1.0.0.202411081344/tools/bin/../lib/gcc/arm-none-eabi/13.3.1/../../../../arm-none-eabi/lib/thumb/v7e-m+fp/hard\libc_nano.a(libc_a-reallocr.o)
 .debug_frame   0x00003108       0x20 C:/Users/samru/OneDrive/Desktop/STM32CubeIDE_1.19.0/STM32CubeIDE/plugins/com.st.stm32cube.ide.mcu.externaltools.gnu-tools-for-stm32.13.3.rel1.win32_1.0.0.202411081344/tools/bin/../lib/gcc/arm-none-eabi/13.3.1/../../../../arm-none-eabi/lib/thumb/v7e-m+fp/hard\libc_nano.a(libc_a-msizer.o)
 .debug_frame   0x00003128       0x2c C:/Users/samru/OneDrive/Desktop/STM32CubeIDE_1.19.0/STM32CubeIDE/plugins/com.st.stm32cube.ide.mcu.externaltools.gnu-tools-for-stm32.13.3.rel1.win32_1.0.0.202411081344/tools/bin/../lib/gcc/arm-none-eabi/13.3.1/thumb/v7e-m+fp/hard\libgcc.a(_aeabi_uldivmod.o)
 .debug_frame   0x00003154       0x34 C:/Users/samru/OneDrive/Desktop/STM32CubeIDE_1.19.0/STM32CubeIDE/plugins/com.st.stm32cube.ide.mcu.externaltools.gnu-tools-for-stm32.13.3.rel1.win32_1.0.0.202411081344/tools/bin/../lib/gcc/arm-none-eabi/13.3.1/thumb/v7e-m+fp/hard\libgcc.a(_udivmoddi4.o)

.debug_line_str
                0x00000000       0x4a
 .debug_line_str
                0x00000000       0x4a ./Core/Startup/startup_stm32f407vgtx.o
